Archive member included to satisfy reference by file (symbol)

/Users/5327k/Library/Application Support/Code/User/globalStorage/vexrobotics.vexcode/sdk/cpp/V5/V5_20240802_15_00_00/vexv5/libv5rt.a(v5_startup.c.obj)
                              (vexStartup)
/Users/5327k/Library/Application Support/Code/User/globalStorage/vexrobotics.vexcode/sdk/cpp/V5/V5_20240802_15_00_00/vexv5/libv5rt.a(v5_util.c.obj)
                              /Users/5327k/Library/Application Support/Code/User/globalStorage/vexrobotics.vexcode/sdk/cpp/V5/V5_20240802_15_00_00/vexv5/libv5rt.a(v5_startup.c.obj) (vexStdlibVersionLinked)
/Users/5327k/Library/Application Support/Code/User/globalStorage/vexrobotics.vexcode/sdk/cpp/V5/V5_20240802_15_00_00/vexv5/libv5rt.a(v5_apijump.c.obj)
                              /Users/5327k/Library/Application Support/Code/User/globalStorage/vexrobotics.vexcode/sdk/cpp/V5/V5_20240802_15_00_00/vexv5/libv5rt.a(v5_startup.c.obj) (vexPrivateApiEnable)
/Users/5327k/Library/Application Support/Code/User/globalStorage/vexrobotics.vexcode/sdk/cpp/V5/V5_20240802_15_00_00/vexv5/libv5rt.a(v5_apiversions.c.obj)
                              /Users/5327k/Library/Application Support/Code/User/globalStorage/vexrobotics.vexcode/sdk/cpp/V5/V5_20240802_15_00_00/vexv5/libv5rt.a(v5_apijump.c.obj) (vexSystemVersion)
/Users/5327k/Library/Application Support/Code/User/globalStorage/vexrobotics.vexcode/sdk/cpp/V5/V5_20240802_15_00_00/vexv5/libv5rt.a(vex_global.cpp.obj)
                              build/src/main.o (vex::wait(double, vex::timeUnits))
/Users/5327k/Library/Application Support/Code/User/globalStorage/vexrobotics.vexcode/sdk/cpp/V5/V5_20240802_15_00_00/vexv5/libv5rt.a(vex_motor.cpp.obj)
                              build/custom/src/robot-config.o (vex::motor::~motor())
/Users/5327k/Library/Application Support/Code/User/globalStorage/vexrobotics.vexcode/sdk/cpp/V5/V5_20240802_15_00_00/vexv5/libv5rt.a(vex_imu.cpp.obj)
                              build/src/motor-control.o (vex::inertial::setRotation(double, vex::rotationUnits))
/Users/5327k/Library/Application Support/Code/User/globalStorage/vexrobotics.vexcode/sdk/cpp/V5/V5_20240802_15_00_00/vexv5/libv5rt.a(vex_rotation.cpp.obj)
                              build/custom/src/robot-config.o (vex::rotation::~rotation())
/Users/5327k/Library/Application Support/Code/User/globalStorage/vexrobotics.vexcode/sdk/cpp/V5/V5_20240802_15_00_00/vexv5/libv5rt.a(vex_optical.cpp.obj)
                              build/custom/src/robot-config.o (vex::optical::~optical())
/Users/5327k/Library/Application Support/Code/User/globalStorage/vexrobotics.vexcode/sdk/cpp/V5/V5_20240802_15_00_00/vexv5/libv5rt.a(vex_distance.cpp.obj)
                              build/custom/src/robot-config.o (vex::distance::~distance())
/Users/5327k/Library/Application Support/Code/User/globalStorage/vexrobotics.vexcode/sdk/cpp/V5/V5_20240802_15_00_00/vexv5/libv5rt.a(vex_controller.cpp.obj)
                              build/custom/src/robot-config.o (vex::controller::~controller())
/Users/5327k/Library/Application Support/Code/User/globalStorage/vexrobotics.vexcode/sdk/cpp/V5/V5_20240802_15_00_00/vexv5/libv5rt.a(vex_task.cpp.obj)
                              build/custom/src/autonomous.o (vex::task::task(int (*)()))
/Users/5327k/Library/Application Support/Code/User/globalStorage/vexrobotics.vexcode/sdk/cpp/V5/V5_20240802_15_00_00/vexv5/libv5rt.a(vex_thread.cpp.obj)
                              build/custom/src/user.o (vex::thread::thread(int (*)()))
/Users/5327k/Library/Application Support/Code/User/globalStorage/vexrobotics.vexcode/sdk/cpp/V5/V5_20240802_15_00_00/vexv5/libv5rt.a(vex_event.cpp.obj)
                              /Users/5327k/Library/Application Support/Code/User/globalStorage/vexrobotics.vexcode/sdk/cpp/V5/V5_20240802_15_00_00/vexv5/libv5rt.a(vex_imu.cpp.obj) (vex::event::init(unsigned long, unsigned long, void (*)()))
/Users/5327k/Library/Application Support/Code/User/globalStorage/vexrobotics.vexcode/sdk/cpp/V5/V5_20240802_15_00_00/vexv5/libv5rt.a(vex_mevent.cpp.obj)
                              /Users/5327k/Library/Application Support/Code/User/globalStorage/vexrobotics.vexcode/sdk/cpp/V5/V5_20240802_15_00_00/vexv5/libv5rt.a(vex_controller.cpp.obj) (vex::mevent::mevent(unsigned long, unsigned long))
/Users/5327k/Library/Application Support/Code/User/globalStorage/vexrobotics.vexcode/sdk/cpp/V5/V5_20240802_15_00_00/vexv5/libv5rt.a(vex_brain.cpp.obj)
                              build/src/motor-control.o (vex::brain::timer(vex::timeUnits))
/Users/5327k/Library/Application Support/Code/User/globalStorage/vexrobotics.vexcode/sdk/cpp/V5/V5_20240802_15_00_00/vexv5/libv5rt.a(vex_competition.cpp.obj)
                              build/src/main.o (vex::competition::competition())
/Users/5327k/Library/Application Support/Code/User/globalStorage/vexrobotics.vexcode/sdk/cpp/V5/V5_20240802_15_00_00/vexv5/libv5rt.a(vex_triport.cpp.obj)
[...]
Memory Configuration

Name             Origin             Length             Attributes
ps7_ddr_0_S_AXI_BASEADDR 0x0000000003800000 0x0000000004800000
*default*        0x0000000000000000 0xffffffffffffffff

Linker script and memory map

                0x0000000000002000                _STACK_SIZE = DEFINED (_STACK_SIZE)?_STACK_SIZE:0x2000
                0x0000000000100000                _HEAP_SIZE = DEFINED (_HEAP_SIZE)?_HEAP_SIZE:0x100000
                0x0000000000000400                _ABORT_STACK_SIZE = DEFINED (_ABORT_STACK_SIZE)?_ABORT_STACK_SIZE:0x400
                0x0000000000000800                _SUPERVISOR_STACK_SIZE = DEFINED (_SUPERVISOR_STACK_SIZE)?_SUPERVISOR_STACK_SIZE:0x800
                0x0000000000000400                _IRQ_STACK_SIZE = DEFINED (_IRQ_STACK_SIZE)?_IRQ_STACK_SIZE:0x400
                0x0000000000000400                _FIQ_STACK_SIZE = DEFINED (_FIQ_STACK_SIZE)?_FIQ_STACK_SIZE:0x400
                0x0000000000000400                _UNDEF_STACK_SIZE = DEFINED (_UNDEF_STACK_SIZE)?_UNDEF_STACK_SIZE:0x400

.text           0x0000000003800000     0xbc90
 *(.vectors)
 *(.boot_data)
 .boot_data     0x0000000003800000       0x20 /Users/5327k/Library/Application Support/Code/User/globalStorage/vexrobotics.vexcode/sdk/cpp/V5/V5_20240802_15_00_00/vexv5/libv5rt.a(v5_startup.c.obj)
                0x0000000003800000                vexCodeSig
                0x0000000000000020                . = 0x20
 *(.boot)
 .boot          0x0000000003800020       0xbc /Users/5327k/Library/Application Support/Code/User/globalStorage/vexrobotics.vexcode/sdk/cpp/V5/V5_20240802_15_00_00/vexv5/libv5rt.a(v5_startup.c.obj)
                0x0000000003800020                vexStartup
                0x0000000003800100                . = ALIGN (0x40)
 *fill*         0x00000000038000dc       0x24 
 *(.freertos_vectors)
 *(.text)
 *(.text.*)
 .text._Z10autonomousv
                0x0000000003800100        0x4 build/src/main.o
                0x0000000003800100                autonomous()
 .text._Z11usercontrolv
                0x0000000003800104        0x4 build/src/main.o
                0x0000000003800104                usercontrol()
 .text.main     0x0000000003800108       0x68 build/src/main.o
                0x0000000003800108                main
 .text._GLOBAL__sub_I_main.cpp
                0x0000000003800170       0x34 build/src/main.o
 .text._Z12driveChassisdd
                0x00000000038001a4       0x64 build/src/motor-control.o
                0x00000000038001a4                driveChassis(double, double)
 .text._Z11stopChassisN3vex9brakeTypeE
                0x0000000003800208       0x30 build/src/motor-control.o
                0x0000000003800208                stopChassis(vex::brakeType)
 .text._Z12resetChassisv
                0x0000000003800238       0x58 build/src/motor-control.o
                0x0000000003800238                resetChassis()
 .text._Z10resetAngled
                0x0000000003800290       0x38 build/src/motor-control.o
                0x0000000003800290                resetAngle(double)
 .text._Z9resetOdomdd
                0x00000000038002c8       0x74 build/src/motor-control.o
                0x00000000038002c8                resetOdom(double, double)
 *fill*         0x000000000380033c        0x4 
 .text._Z15normalizeTargetd
                0x0000000003800340      0x138 build/src/motor-control.o
                0x0000000003800340                normalizeTarget(double)
 .text._Z10scaleToMinRdS_d
                0x0000000003800478       0xe4 build/src/motor-control.o
                0x0000000003800478                scaleToMin(double&, double&, double)
 .text._Z10scaleToMaxRdS_d
                0x000000000380055c       0xb4 build/src/motor-control.o
                0x000000000380055c                scaleToMax(double&, double&, double)
 .text._Z11turnToAngleddbd
                0x0000000003800610      0x750 build/src/motor-control.o
                0x0000000003800610                turnToAngle(double, double, bool, double)
 .text._Z7driveToddbd
                0x0000000003800d60      0x6e8 build/src/motor-control.o
                0x0000000003800d60                driveTo(double, double, bool, double)
 .text._Z14driveToHeadingdddbd
                0x0000000003801448      0x6d0 build/src/motor-control.o
                0x0000000003801448                driveToHeading(double, double, double, bool, double)
 .text._Z11curveCircledddbd
                0x0000000003801b18      0xb50 build/src/motor-control.o
                0x0000000003801b18                curveCircle(double, double, double, bool, double)
 .text._Z5swingdddbd
                0x0000000003802668      0xb84 build/src/motor-control.o
                0x0000000003802668                swing(double, double, double, bool, double)
 .text._ZN6LoggerD2Ev
                0x00000000038031ec       0x1c build/src/motor-control.o
                0x00000000038031ec                Logger::~Logger()
 .text._Z16trackNoOdomWheelv
                0x0000000003803208      0x1d0 build/src/motor-control.o
                0x0000000003803208                trackNoOdomWheel()
 .text._Z16trackXYOdomWheelv
                0x00000000038033d8      0x240 build/src/motor-control.o
                0x00000000038033d8                trackXYOdomWheel()
 .text._Z15trackXOdomWheelv
                0x0000000003803618      0x298 build/src/motor-control.o
                0x0000000003803618                trackXOdomWheel()
 .text._Z15trackYOdomWheelv
                0x00000000038038b0      0x190 build/src/motor-control.o
                0x00000000038038b0                trackYOdomWheel()
 .text._Z11moveToPointddidbdb
                0x0000000003803a40      0x850 build/src/motor-control.o
                0x0000000003803a40                moveToPoint(double, double, int, double, bool, double, bool)
 .text._ZNSt6vectorISt8functionIFvN6Logger5LevelERKSsEESaIS6_EED2Ev
                0x0000000003804290       0x5c build/src/motor-control.o
                0x0000000003804290                std::vector<std::function<void (Logger::Level, std::string const&)>, std::allocator<std::function<void (Logger::Level, std::string const&)> > >::~vector()
 .text._GLOBAL__sub_I_motor_control.cpp
                0x00000000038042ec       0x68 build/src/motor-control.o
 .text._ZN3PIDC2Eddd
                0x0000000003804354       0x98 build/src/pid.o
                0x0000000003804354                PID::PID(double, double, double)
                0x0000000003804354                PID::PID(double, double, double)
 .text._ZN3PID9setTargetEd
                0x00000000038043ec       0x10 build/src/pid.o
                0x00000000038043ec                PID::setTarget(double)
 .text._ZN3PID25setSmallBigErrorToleranceEdd
                0x00000000038043fc       0x18 build/src/pid.o
                0x00000000038043fc                PID::setSmallBigErrorTolerance(double, double)
 .text._ZN3PID14setIntegralMaxEd
                0x0000000003804414       0x10 build/src/pid.o
                0x0000000003804414                PID::setIntegralMax(double)
 .text._ZN3PID16setIntegralRangeEd
                0x0000000003804424       0x10 build/src/pid.o
                0x0000000003804424                PID::setIntegralRange(double)
 .text._ZN3PID22setDerivativeToleranceEd
                0x0000000003804434       0x10 build/src/pid.o
                0x0000000003804434                PID::setDerivativeTolerance(double)
 .text._ZN3PID24setSmallBigErrorDurationEdd
                0x0000000003804444       0x18 build/src/pid.o
                0x0000000003804444                PID::setSmallBigErrorDuration(double, double)
 .text._ZN3PID9setArriveEb
                0x000000000380445c        0x8 build/src/pid.o
                0x000000000380445c                PID::setArrive(bool)
 .text._ZN3PID13targetArrivedEv
                0x0000000003804464        0x8 build/src/pid.o
                0x0000000003804464                PID::targetArrived()
 .text._ZN3PID6updateEd
                0x000000000380446c      0x2ac build/src/pid.o
                0x000000000380446c                PID::update(double)
 .text._GLOBAL__sub_I_pid.cpp
                0x0000000003804718       0x34 build/src/pid.o
 *fill*         0x000000000380474c        0x4 
 .text._Z8degToRadd
                0x0000000003804750       0x30 build/src/utils.o
                0x0000000003804750                degToRad(double)
 .text._Z8radToDegd
                0x0000000003804780       0x30 build/src/utils.o
                0x0000000003804780                radToDeg(double)
 .text._GLOBAL__sub_I_utils.cpp
                0x00000000038047b0       0x34 build/src/utils.o
 *fill*         0x00000000038047e4        0x4 
 .text._Z3awpv  0x00000000038047e8      0x720 build/custom/src/autonomous.o
                0x00000000038047e8                awp()
 .text._Z19rightwing4matchloadv
                0x0000000003804f08      0x390 build/custom/src/autonomous.o
                0x0000000003804f08                rightwing4matchload()
 .text._Z10rightwing7v
                0x0000000003805298      0x468 build/custom/src/autonomous.o
                0x0000000003805298                rightwing7()
 .text._Z12leftmidsevenv
                0x0000000003805700      0x360 build/custom/src/autonomous.o
                0x0000000003805700                leftmidseven()
 .text._Z12leftwingautov
                0x0000000003805a60      0x378 build/custom/src/autonomous.o
                0x0000000003805a60                leftwingauto()
 .text._Z13rightlowqualsv
                0x0000000003805dd8      0x3b0 build/custom/src/autonomous.o
                0x0000000003805dd8                rightlowquals()
 .text._Z12leftmidelimsv
                0x0000000003806188      0x338 build/custom/src/autonomous.o
                0x0000000003806188                leftmidelims()
 .text._Z6left54v
                0x00000000038064c0      0x628 build/custom/src/autonomous.o
                0x00000000038064c0                left54()
 .text._Z6skillsv
                0x0000000003806ae8      0x878 build/custom/src/autonomous.o
                0x0000000003806ae8                skills()
 .text._ZZ3awpvEN3$_08__invokeEv
                0x0000000003807360        0xc build/custom/src/autonomous.o
 .text._ZZ3awpvENK3$_0clEv
                0x000000000380736c       0x34 build/custom/src/autonomous.o
 .text._ZZ3awpvEN3$_18__invokeEv
                0x00000000038073a0       0x40 build/custom/src/autonomous.o
 .text._ZZ3awpvEN3$_28__invokeEv
                0x00000000038073e0       0x40 build/custom/src/autonomous.o
 .text._ZZ3awpvEN3$_38__invokeEv
                0x0000000003807420       0x40 build/custom/src/autonomous.o
 .text._ZZ3awpvEN3$_48__invokeEv
                0x0000000003807460       0x40 build/custom/src/autonomous.o
 .text._ZZ3awpvEN3$_58__invokeEv
                0x00000000038074a0       0x40 build/custom/src/autonomous.o
 .text._ZZ19rightwing4matchloadvEN3$_98__invokeEv
                0x00000000038074e0        0xc build/custom/src/autonomous.o
 .text._ZZ19rightwing4matchloadvENK3$_9clEv
                0x00000000038074ec       0x34 build/custom/src/autonomous.o
 .text._ZZ10rightwing7vEN4$_108__invokeEv
                0x0000000003807520        0xc build/custom/src/autonomous.o
 .text._ZZ10rightwing7vENK4$_10clEv
                0x000000000380752c       0x34 build/custom/src/autonomous.o
 .text._ZZ10rightwing7vEN4$_118__invokeEv
                0x0000000003807560       0x40 build/custom/src/autonomous.o
 .text._ZZ10rightwing7vEN4$_128__invokeEv
                0x00000000038075a0       0x30 build/custom/src/autonomous.o
 .text._ZZ12leftmidsevenvEN4$_138__invokeEv
                0x00000000038075d0        0xc build/custom/src/autonomous.o
 .text._ZZ12leftmidsevenvENK4$_13clEv
                0x00000000038075dc       0x34 build/custom/src/autonomous.o
 .text._ZZ12leftmidsevenvEN4$_148__invokeEv
                0x0000000003807610       0x40 build/custom/src/autonomous.o
 .text._ZZ12leftmidsevenvEN4$_158__invokeEv
                0x0000000003807650       0x40 build/custom/src/autonomous.o
 .text._ZZ12leftmidsevenvEN4$_168__invokeEv
                0x0000000003807690       0x40 build/custom/src/autonomous.o
 .text._ZZ12leftwingautovEN4$_178__invokeEv
                0x00000000038076d0        0xc build/custom/src/autonomous.o
 .text._ZZ12leftwingautovENK4$_17clEv
                0x00000000038076dc       0x34 build/custom/src/autonomous.o
 .text._ZZ12leftwingautovEN4$_188__invokeEv
                0x0000000003807710       0x40 build/custom/src/autonomous.o
 .text._ZZ12leftwingautovEN4$_198__invokeEv
                0x0000000003807750       0x40 build/custom/src/autonomous.o
 .text._ZZ13rightlowqualsvEN4$_208__invokeEv
                0x0000000003807790        0xc build/custom/src/autonomous.o
 .text._ZZ13rightlowqualsvENK4$_20clEv
                0x000000000380779c       0x34 build/custom/src/autonomous.o
 .text._ZZ13rightlowqualsvEN4$_218__invokeEv
                0x00000000038077d0       0x40 build/custom/src/autonomous.o
 .text._ZZ12leftmidelimsvEN4$_228__invokeEv
                0x0000000003807810        0xc build/custom/src/autonomous.o
 .text._ZZ12leftmidelimsvENK4$_22clEv
                0x000000000380781c       0x34 build/custom/src/autonomous.o
 .text._ZZ12leftmidelimsvEN4$_238__invokeEv
                0x0000000003807850       0x40 build/custom/src/autonomous.o
 .text._ZZ6left54vEN4$_248__invokeEv
                0x0000000003807890        0xc build/custom/src/autonomous.o
 .text._ZZ6left54vENK4$_24clEv
                0x000000000380789c       0x34 build/custom/src/autonomous.o
 .text._ZZ6left54vEN4$_258__invokeEv
                0x00000000038078d0       0x40 build/custom/src/autonomous.o
 .text._ZZ6left54vEN4$_268__invokeEv
                0x0000000003807910       0x40 build/custom/src/autonomous.o
 .text._ZZ6left54vEN4$_278__invokeEv
                0x0000000003807950       0x40 build/custom/src/autonomous.o
 .text._ZZ6left54vEN4$_288__invokeEv
                0x0000000003807990       0x40 build/custom/src/autonomous.o
 .text._ZZ6left54vEN4$_298__invokeEv
                0x00000000038079d0       0x40 build/custom/src/autonomous.o
 .text._ZZ6skillsvEN4$_308__invokeEv
                0x0000000003807a10        0xc build/custom/src/autonomous.o
 .text._ZZ6skillsvENK4$_30clEv
                0x0000000003807a1c       0x34 build/custom/src/autonomous.o
 .text._GLOBAL__sub_I_autonomous.cpp
                0x0000000003807a50       0x34 build/custom/src/autonomous.o
 .text._Z10stopIntakev
                0x0000000003807a84       0x84 build/custom/src/intake.o
                0x0000000003807a84                stopIntake()
 .text._Z13scoreLongGoalv
                0x0000000003807b08       0x8c build/custom/src/intake.o
                0x0000000003807b08                scoreLongGoal()
 .text._Z15scoreMiddleGoalv
                0x0000000003807b94       0x84 build/custom/src/intake.o
                0x0000000003807b94                scoreMiddleGoal()
 .text._Z7outtakev
                0x0000000003807c18       0x8c build/custom/src/intake.o
                0x0000000003807c18                outtake()
 .text._Z11storeIntakev
                0x0000000003807ca4       0x88 build/custom/src/intake.o
                0x0000000003807ca4                storeIntake()
 *fill*         0x0000000003807d2c        0x4 
 .text._Z11antiJamTaskv
                0x0000000003807d30       0xf0 build/custom/src/intake.o
                0x0000000003807d30                antiJamTask()
 .text._GLOBAL__sub_I_intake.cpp
                0x0000000003807e20       0x34 build/custom/src/intake.o
 .text._ZN6LoggerC2ERSoNS_5LevelE
                0x0000000003807e54       0x14 build/custom/src/logger.o
                0x0000000003807e54                Logger::Logger(std::ostream&, Logger::Level)
                0x0000000003807e54                Logger::Logger(std::ostream&, Logger::Level)
 .text._GLOBAL__sub_I_logger.cpp
                0x0000000003807e68       0x34 build/custom/src/logger.o
 .text._ZN3vex11motor_groupC2IJNS_5motorES2_EEERS2_DpRT_
                0x0000000003807e9c       0x44 build/custom/src/robot-config.o
                0x0000000003807e9c                vex::motor_group::motor_group<vex::motor, vex::motor>(vex::motor&, vex::motor&, vex::motor&)
 .text._Z11vexcodeInitv
                0x0000000003807ee0        0x4 build/custom/src/robot-config.o
                0x0000000003807ee0                vexcodeInit()
 .text._GLOBAL__sub_I_robot_config.cpp
                0x0000000003807ee4      0x4f8 build/custom/src/robot-config.o
 .text._Z13runAutonomousv
                0x00000000038083dc       0xa0 build/custom/src/user.o
                0x00000000038083dc                runAutonomous()
 *fill*         0x000000000380847c        0x4 
 .text._Z9runDriverv
                0x0000000003808480      0x310 build/custom/src/user.o
                0x0000000003808480                runDriver()
 .text._Z16runPreAutonomousv
                0x0000000003808790      0x288 build/custom/src/user.o
                0x0000000003808790                runPreAutonomous()
 .text._GLOBAL__sub_I_user.cpp
                0x0000000003808a18       0x34 build/custom/src/user.o
 .text.vexMain  0x0000000003808a4c       0xb0 /Users/5327k/Library/Application Support/Code/User/globalStorage/vexrobotics.vexcode/sdk/cpp/V5/V5_20240802_15_00_00/vexv5/libv5rt.a(v5_startup.c.obj)
                0x0000000003808a4c                vexMain
 .text.__vex_function_prolog
                0x0000000003808afc       0x18 /Users/5327k/Library/Application Support/Code/User/globalStorage/vexrobotics.vexcode/sdk/cpp/V5/V5_20240802_15_00_00/vexv5/libv5rt.a(v5_startup.c.obj)
                0x0000000003808afc                __vex_function_prolog
 .text._init    0x0000000003808b14        0x4 /Users/5327k/Library/Application Support/Code/User/globalStorage/vexrobotics.vexcode/sdk/cpp/V5/V5_20240802_15_00_00/vexv5/libv5rt.a(v5_startup.c.obj)
                0x0000000003808b14                _init
 .text._fini    0x0000000003808b18        0x4 /Users/5327k/Library/Application Support/Code/User/globalStorage/vexrobotics.vexcode/sdk/cpp/V5/V5_20240802_15_00_00/vexv5/libv5rt.a(v5_startup.c.obj)
                0x0000000003808b18                _fini
 .text.vexStdlibVersionLinked
                0x0000000003808b1c        0xc /Users/5327k/Library/Application Support/Code/User/globalStorage/vexrobotics.vexcode/sdk/cpp/V5/V5_20240802_15_00_00/vexv5/libv5rt.a(v5_util.c.obj)
                0x0000000003808b1c                vexStdlibVersionLinked
 .text.vexStdlibVersionVerify
                0x0000000003808b28       0x30 /Users/5327k/Library/Application Support/Code/User/globalStorage/vexrobotics.vexcode/sdk/cpp/V5/V5_20240802_15_00_00/vexv5/libv5rt.a(v5_util.c.obj)
                0x0000000003808b28                vexStdlibVersionVerify
 .text.vexPrivateApiEnable
                0x0000000003808b58       0x10 /Users/5327k/Library/Application Support/Code/User/globalStorage/vexrobotics.vexcode/sdk/cpp/V5/V5_20240802_15_00_00/vexv5/libv5rt.a(v5_apijump.c.obj)
                0x0000000003808b58                vexPrivateApiEnable
 .text.vexStdlibMismatchError
                0x0000000003808b68       0x3c /Users/5327k/Library/Application Support/Code/User/globalStorage/vexrobotics.vexcode/sdk/cpp/V5/V5_20240802_15_00_00/vexv5/libv5rt.a(v5_apijump.c.obj)
                0x0000000003808b68                vexStdlibMismatchError
 .text.vexTaskAdd
                0x0000000003808ba4       0x10 /Users/5327k/Library/Application Support/Code/User/globalStorage/vexrobotics.vexcode/sdk/cpp/V5/V5_20240802_15_00_00/vexv5/libv5rt.a(v5_apijump.c.obj)
                0x0000000003808ba4                vexTaskAdd
 .text.vexTasksRun
                0x0000000003808bb4       0x10 /Users/5327k/Library/Application Support/Code/User/globalStorage/vexrobotics.vexcode/sdk/cpp/V5/V5_20240802_15_00_00/vexv5/libv5rt.a(v5_apijump.c.obj)
                0x0000000003808bb4                vexTasksRun
 .text.vexTaskYield
                0x0000000003808bc4       0x10 /Users/5327k/Library/Application Support/Code/User/globalStorage/vexrobotics.vexcode/sdk/cpp/V5/V5_20240802_15_00_00/vexv5/libv5rt.a(v5_apijump.c.obj)
                0x0000000003808bc4                vexTaskYield
 .text.vexTaskCheckTimeslice
                0x0000000003808bd4       0x10 /Users/5327k/Library/Application Support/Code/User/globalStorage/vexrobotics.vexcode/sdk/cpp/V5/V5_20240802_15_00_00/vexv5/libv5rt.a(v5_apijump.c.obj)
                0x0000000003808bd4                vexTaskCheckTimeslice
 .text.vexTaskSleep
                0x0000000003808be4       0x10 /Users/5327k/Library/Application Support/Code/User/globalStorage/vexrobotics.vexcode/sdk/cpp/V5/V5_20240802_15_00_00/vexv5/libv5rt.a(v5_apijump.c.obj)
                0x0000000003808be4                vexTaskSleep
 .text.vexTasksDump
                0x0000000003808bf4       0x1c /Users/5327k/Library/Application Support/Code/User/globalStorage/vexrobotics.vexcode/sdk/cpp/V5/V5_20240802_15_00_00/vexv5/libv5rt.a(v5_apijump.c.obj)
                0x0000000003808bf4                vexTasksDump
 .text.vexTaskGetTaskIndex
                0x0000000003808c10       0x10 /Users/5327k/Library/Application Support/Code/User/globalStorage/vexrobotics.vexcode/sdk/cpp/V5/V5_20240802_15_00_00/vexv5/libv5rt.a(v5_apijump.c.obj)
                0x0000000003808c10                vexTaskGetTaskIndex
 .text.vexTaskStopAll
                0x0000000003808c20       0x10 /Users/5327k/Library/Application Support/Code/User/globalStorage/vexrobotics.vexcode/sdk/cpp/V5/V5_20240802_15_00_00/vexv5/libv5rt.a(v5_apijump.c.obj)
                0x0000000003808c20                vexTaskStopAll
 .text.vexTaskRemoveAllUser
                0x0000000003808c30       0x34 /Users/5327k/Library/Application Support/Code/User/globalStorage/vexrobotics.vexcode/sdk/cpp/V5/V5_20240802_15_00_00/vexv5/libv5rt.a(v5_apijump.c.obj)
                0x0000000003808c30                vexTaskRemoveAllUser
 .text.vexTaskCompletionIdSet
                0x0000000003808c64       0x10 /Users/5327k/Library/Application Support/Code/User/globalStorage/vexrobotics.vexcode/sdk/cpp/V5/V5_20240802_15_00_00/vexv5/libv5rt.a(v5_apijump.c.obj)
                0x0000000003808c64                vexTaskCompletionIdSet
 .text.vexTaskStopWithId
                0x0000000003808c74       0x10 /Users/5327k/Library/Application Support/Code/User/globalStorage/vexrobotics.vexcode/sdk/cpp/V5/V5_20240802_15_00_00/vexv5/libv5rt.a(v5_apijump.c.obj)
                0x0000000003808c74                vexTaskStopWithId
 .text.vexCriticalSection
                0x0000000003808c84       0x2c /Users/5327k/Library/Application Support/Code/User/globalStorage/vexrobotics.vexcode/sdk/cpp/V5/V5_20240802_15_00_00/vexv5/libv5rt.a(v5_apijump.c.obj)
                0x0000000003808c84                vexCriticalSection
 .text.vexEventAdd
                0x0000000003808cb0       0x34 /Users/5327k/Library/Application Support/Code/User/globalStorage/vexrobotics.vexcode/sdk/cpp/V5/V5_20240802_15_00_00/vexv5/libv5rt.a(v5_apijump.c.obj)
                0x0000000003808cb0                vexEventAdd
 .text.vexEventUserIndexGet
                0x0000000003808ce4       0x1c /Users/5327k/Library/Application Support/Code/User/globalStorage/vexrobotics.vexcode/sdk/cpp/V5/V5_20240802_15_00_00/vexv5/libv5rt.a(v5_apijump.c.obj)
                0x0000000003808ce4                vexEventUserIndexGet
 .text.vexEventAddWithArg
                0x0000000003808d00       0x3c /Users/5327k/Library/Application Support/Code/User/globalStorage/vexrobotics.vexcode/sdk/cpp/V5/V5_20240802_15_00_00/vexv5/libv5rt.a(v5_apijump.c.obj)
                0x0000000003808d00                vexEventAddWithArg
 .text.vexEventsCleanup
                0x0000000003808d3c       0x2c /Users/5327k/Library/Application Support/Code/User/globalStorage/vexrobotics.vexcode/sdk/cpp/V5/V5_20240802_15_00_00/vexv5/libv5rt.a(v5_apijump.c.obj)
                0x0000000003808d3c                vexEventsCleanup
 .text.vexDebug
                0x0000000003808d68       0x38 /Users/5327k/Library/Application Support/Code/User/globalStorage/vexrobotics.vexcode/sdk/cpp/V5/V5_20240802_15_00_00/vexv5/libv5rt.a(v5_apijump.c.obj)
                0x0000000003808d68                vexDebug
 .text.vex_sprintf
                0x0000000003808da0       0x40 /Users/5327k/Library/Application Support/Code/User/globalStorage/vexrobotics.vexcode/sdk/cpp/V5/V5_20240802_15_00_00/vexv5/libv5rt.a(v5_apijump.c.obj)
                0x0000000003808da0                vex_sprintf
 .text.vexSystemTimeGet
                0x0000000003808de0       0x1c /Users/5327k/Library/Application Support/Code/User/globalStorage/vexrobotics.vexcode/sdk/cpp/V5/V5_20240802_15_00_00/vexv5/libv5rt.a(v5_apijump.c.obj)
                0x0000000003808de0                vexSystemTimeGet
 .text.vexSystemExitRequest
                0x0000000003808dfc       0x1c /Users/5327k/Library/Application Support/Code/User/globalStorage/vexrobotics.vexcode/sdk/cpp/V5/V5_20240802_15_00_00/vexv5/libv5rt.a(v5_apijump.c.obj)
                0x0000000003808dfc                vexSystemExitRequest
 .text.vexDeviceGetByIndex
                0x0000000003808e18       0x24 /Users/5327k/Library/Application Support/Code/User/globalStorage/vexrobotics.vexcode/sdk/cpp/V5/V5_20240802_15_00_00/vexv5/libv5rt.a(v5_apijump.c.obj)
                0x0000000003808e18                vexDeviceGetByIndex
 .text.vexControllerGet
                0x0000000003808e3c       0x2c /Users/5327k/Library/Application Support/Code/User/globalStorage/vexrobotics.vexcode/sdk/cpp/V5/V5_20240802_15_00_00/vexv5/libv5rt.a(v5_apijump.c.obj)
                0x0000000003808e3c                vexControllerGet
 .text.vexControllerTextSet
                0x0000000003808e68       0x74 /Users/5327k/Library/Application Support/Code/User/globalStorage/vexrobotics.vexcode/sdk/cpp/V5/V5_20240802_15_00_00/vexv5/libv5rt.a(v5_apijump.c.obj)
                0x0000000003808e68                vexControllerTextSet
 .text.vexDeviceAdiPortConfigSet
                0x0000000003808edc       0x34 /Users/5327k/Library/Application Support/Code/User/globalStorage/vexrobotics.vexcode/sdk/cpp/V5/V5_20240802_15_00_00/vexv5/libv5rt.a(v5_apijump.c.obj)
                0x0000000003808edc                vexDeviceAdiPortConfigSet
 .text.vexDeviceAdiPortConfigGet
                0x0000000003808f10       0x2c /Users/5327k/Library/Application Support/Code/User/globalStorage/vexrobotics.vexcode/sdk/cpp/V5/V5_20240802_15_00_00/vexv5/libv5rt.a(v5_apijump.c.obj)
                0x0000000003808f10                vexDeviceAdiPortConfigGet
 .text.vexDeviceAdiValueSet
                0x0000000003808f3c       0x34 /Users/5327k/Library/Application Support/Code/User/globalStorage/vexrobotics.vexcode/sdk/cpp/V5/V5_20240802_15_00_00/vexv5/libv5rt.a(v5_apijump.c.obj)
                0x0000000003808f3c                vexDeviceAdiValueSet
 .text.vexDeviceMotorVelocitySet
                0x0000000003808f70       0x2c /Users/5327k/Library/Application Support/Code/User/globalStorage/vexrobotics.vexcode/sdk/cpp/V5/V5_20240802_15_00_00/vexv5/libv5rt.a(v5_apijump.c.obj)
                0x0000000003808f70                vexDeviceMotorVelocitySet
 .text.vexDeviceMotorVoltageSet
                0x0000000003808f9c       0x2c /Users/5327k/Library/Application Support/Code/User/globalStorage/vexrobotics.vexcode/sdk/cpp/V5/V5_20240802_15_00_00/vexv5/libv5rt.a(v5_apijump.c.obj)
                0x0000000003808f9c                vexDeviceMotorVoltageSet
 .text.vexDeviceMotorActualVelocityGet
                0x0000000003808fc8       0x24 /Users/5327k/Library/Application Support/Code/User/globalStorage/vexrobotics.vexcode/sdk/cpp/V5/V5_20240802_15_00_00/vexv5/libv5rt.a(v5_apijump.c.obj)
                0x0000000003808fc8                vexDeviceMotorActualVelocityGet
 .text.vexDeviceMotorTorqueGet
                0x0000000003808fec       0x24 /Users/5327k/Library/Application Support/Code/User/globalStorage/vexrobotics.vexcode/sdk/cpp/V5/V5_20240802_15_00_00/vexv5/libv5rt.a(v5_apijump.c.obj)
                0x0000000003808fec                vexDeviceMotorTorqueGet
 .text.vexDeviceMotorReverseFlagSet
                0x0000000003809010       0x2c /Users/5327k/Library/Application Support/Code/User/globalStorage/vexrobotics.vexcode/sdk/cpp/V5/V5_20240802_15_00_00/vexv5/libv5rt.a(v5_apijump.c.obj)
                0x0000000003809010                vexDeviceMotorReverseFlagSet
 .text.vexDeviceMotorEncoderUnitsSet
                0x000000000380903c       0x2c /Users/5327k/Library/Application Support/Code/User/globalStorage/vexrobotics.vexcode/sdk/cpp/V5/V5_20240802_15_00_00/vexv5/libv5rt.a(v5_apijump.c.obj)
                0x000000000380903c                vexDeviceMotorEncoderUnitsSet
 .text.vexDeviceMotorBrakeModeSet
                0x0000000003809068       0x2c /Users/5327k/Library/Application Support/Code/User/globalStorage/vexrobotics.vexcode/sdk/cpp/V5/V5_20240802_15_00_00/vexv5/libv5rt.a(v5_apijump.c.obj)
                0x0000000003809068                vexDeviceMotorBrakeModeSet
 .text.vexDeviceMotorPositionSet
                0x0000000003809094       0x34 /Users/5327k/Library/Application Support/Code/User/globalStorage/vexrobotics.vexcode/sdk/cpp/V5/V5_20240802_15_00_00/vexv5/libv5rt.a(v5_apijump.c.obj)
                0x0000000003809094                vexDeviceMotorPositionSet
 .text.vexDeviceMotorPositionGet
                0x00000000038090c8       0x24 /Users/5327k/Library/Application Support/Code/User/globalStorage/vexrobotics.vexcode/sdk/cpp/V5/V5_20240802_15_00_00/vexv5/libv5rt.a(v5_apijump.c.obj)
                0x00000000038090c8                vexDeviceMotorPositionGet
 .text.vexDeviceMotorGearingSet
                0x00000000038090ec       0x2c /Users/5327k/Library/Application Support/Code/User/globalStorage/vexrobotics.vexcode/sdk/cpp/V5/V5_20240802_15_00_00/vexv5/libv5rt.a(v5_apijump.c.obj)
                0x00000000038090ec                vexDeviceMotorGearingSet
 .text.vexDeviceMotorGearingGet
                0x0000000003809118       0x24 /Users/5327k/Library/Application Support/Code/User/globalStorage/vexrobotics.vexcode/sdk/cpp/V5/V5_20240802_15_00_00/vexv5/libv5rt.a(v5_apijump.c.obj)
                0x0000000003809118                vexDeviceMotorGearingGet
 .text.vexDeviceImuReset
                0x000000000380913c       0x24 /Users/5327k/Library/Application Support/Code/User/globalStorage/vexrobotics.vexcode/sdk/cpp/V5/V5_20240802_15_00_00/vexv5/libv5rt.a(v5_apijump.c.obj)
                0x000000000380913c                vexDeviceImuReset
 .text.vexDeviceImuHeadingGet
                0x0000000003809160       0x24 /Users/5327k/Library/Application Support/Code/User/globalStorage/vexrobotics.vexcode/sdk/cpp/V5/V5_20240802_15_00_00/vexv5/libv5rt.a(v5_apijump.c.obj)
                0x0000000003809160                vexDeviceImuHeadingGet
 .text.vexDeviceImuDegreesGet
                0x0000000003809184       0x24 /Users/5327k/Library/Application Support/Code/User/globalStorage/vexrobotics.vexcode/sdk/cpp/V5/V5_20240802_15_00_00/vexv5/libv5rt.a(v5_apijump.c.obj)
                0x0000000003809184                vexDeviceImuDegreesGet
 .text.vexDeviceImuStatusGet
                0x00000000038091a8       0x24 /Users/5327k/Library/Application Support/Code/User/globalStorage/vexrobotics.vexcode/sdk/cpp/V5/V5_20240802_15_00_00/vexv5/libv5rt.a(v5_apijump.c.obj)
                0x00000000038091a8                vexDeviceImuStatusGet
 .text.vexDeviceAbsEncPositionGet
                0x00000000038091cc       0x24 /Users/5327k/Library/Application Support/Code/User/globalStorage/vexrobotics.vexcode/sdk/cpp/V5/V5_20240802_15_00_00/vexv5/libv5rt.a(v5_apijump.c.obj)
                0x00000000038091cc                vexDeviceAbsEncPositionGet
 .text.vexDeviceAbsEncAngleGet
                0x00000000038091f0       0x24 /Users/5327k/Library/Application Support/Code/User/globalStorage/vexrobotics.vexcode/sdk/cpp/V5/V5_20240802_15_00_00/vexv5/libv5rt.a(v5_apijump.c.obj)
                0x00000000038091f0                vexDeviceAbsEncAngleGet
 .text.vexDeviceAbsEncReverseFlagSet
                0x0000000003809214       0x2c /Users/5327k/Library/Application Support/Code/User/globalStorage/vexrobotics.vexcode/sdk/cpp/V5/V5_20240802_15_00_00/vexv5/libv5rt.a(v5_apijump.c.obj)
                0x0000000003809214                vexDeviceAbsEncReverseFlagSet
 .text.vexDeviceOpticalHueGet
                0x0000000003809240       0x24 /Users/5327k/Library/Application Support/Code/User/globalStorage/vexrobotics.vexcode/sdk/cpp/V5/V5_20240802_15_00_00/vexv5/libv5rt.a(v5_apijump.c.obj)
                0x0000000003809240                vexDeviceOpticalHueGet
 .text.vexDeviceOpticalGestureEnable
                0x0000000003809264       0x24 /Users/5327k/Library/Application Support/Code/User/globalStorage/vexrobotics.vexcode/sdk/cpp/V5/V5_20240802_15_00_00/vexv5/libv5rt.a(v5_apijump.c.obj)
                0x0000000003809264                vexDeviceOpticalGestureEnable
 .text.vexDeviceOpticalGestureDisable
                0x0000000003809288       0x24 /Users/5327k/Library/Application Support/Code/User/globalStorage/vexrobotics.vexcode/sdk/cpp/V5/V5_20240802_15_00_00/vexv5/libv5rt.a(v5_apijump.c.obj)
                0x0000000003809288                vexDeviceOpticalGestureDisable
 .text.vexDeviceOpticalProximityThreshold
                0x00000000038092ac       0x2c /Users/5327k/Library/Application Support/Code/User/globalStorage/vexrobotics.vexcode/sdk/cpp/V5/V5_20240802_15_00_00/vexv5/libv5rt.a(v5_apijump.c.obj)
                0x00000000038092ac                vexDeviceOpticalProximityThreshold
 .text.vexDeviceDistanceDistanceGet
                0x00000000038092d8       0x24 /Users/5327k/Library/Application Support/Code/User/globalStorage/vexrobotics.vexcode/sdk/cpp/V5/V5_20240802_15_00_00/vexv5/libv5rt.a(v5_apijump.c.obj)
                0x00000000038092d8                vexDeviceDistanceDistanceGet
 .text.vexDisplayForegroundColor
                0x00000000038092fc       0x24 /Users/5327k/Library/Application Support/Code/User/globalStorage/vexrobotics.vexcode/sdk/cpp/V5/V5_20240802_15_00_00/vexv5/libv5rt.a(v5_apijump.c.obj)
                0x00000000038092fc                vexDisplayForegroundColor
 .text.vexDisplayBackgroundColor
                0x0000000003809320       0x24 /Users/5327k/Library/Application Support/Code/User/globalStorage/vexrobotics.vexcode/sdk/cpp/V5/V5_20240802_15_00_00/vexv5/libv5rt.a(v5_apijump.c.obj)
                0x0000000003809320                vexDisplayBackgroundColor
 .text.vexDisplayBackgroundColorGet
                0x0000000003809344       0x1c /Users/5327k/Library/Application Support/Code/User/globalStorage/vexrobotics.vexcode/sdk/cpp/V5/V5_20240802_15_00_00/vexv5/libv5rt.a(v5_apijump.c.obj)
                0x0000000003809344                vexDisplayBackgroundColorGet
 .text.vexDisplayPixelSet
                0x0000000003809360       0x38 /Users/5327k/Library/Application Support/Code/User/globalStorage/vexrobotics.vexcode/sdk/cpp/V5/V5_20240802_15_00_00/vexv5/libv5rt.a(v5_apijump.c.obj)
                0x0000000003809360                vexDisplayPixelSet
 .text.vexDisplayLineDraw
                0x0000000003809398       0x4c /Users/5327k/Library/Application Support/Code/User/globalStorage/vexrobotics.vexcode/sdk/cpp/V5/V5_20240802_15_00_00/vexv5/libv5rt.a(v5_apijump.c.obj)
                0x0000000003809398                vexDisplayLineDraw
 .text.vexDisplayRectClear
                0x00000000038093e4       0x4c /Users/5327k/Library/Application Support/Code/User/globalStorage/vexrobotics.vexcode/sdk/cpp/V5/V5_20240802_15_00_00/vexv5/libv5rt.a(v5_apijump.c.obj)
                0x00000000038093e4                vexDisplayRectClear
 .text.vexDisplayVPrintf
                0x0000000003809430       0x50 /Users/5327k/Library/Application Support/Code/User/globalStorage/vexrobotics.vexcode/sdk/cpp/V5/V5_20240802_15_00_00/vexv5/libv5rt.a(v5_apijump.c.obj)
                0x0000000003809430                vexDisplayVPrintf
 .text.vexDisplayTextReference
                0x0000000003809480       0x24 /Users/5327k/Library/Application Support/Code/User/globalStorage/vexrobotics.vexcode/sdk/cpp/V5/V5_20240802_15_00_00/vexv5/libv5rt.a(v5_apijump.c.obj)
                0x0000000003809480                vexDisplayTextReference
 .text.vexDisplayTextSize
                0x00000000038094a4       0x2c /Users/5327k/Library/Application Support/Code/User/globalStorage/vexrobotics.vexcode/sdk/cpp/V5/V5_20240802_15_00_00/vexv5/libv5rt.a(v5_apijump.c.obj)
                0x00000000038094a4                vexDisplayTextSize
 .text.vexDisplayFontNamedSet
                0x00000000038094d0       0x24 /Users/5327k/Library/Application Support/Code/User/globalStorage/vexrobotics.vexcode/sdk/cpp/V5/V5_20240802_15_00_00/vexv5/libv5rt.a(v5_apijump.c.obj)
                0x00000000038094d0                vexDisplayFontNamedSet
 .text.vexDisplayPenSizeGet
                0x00000000038094f4       0x1c /Users/5327k/Library/Application Support/Code/User/globalStorage/vexrobotics.vexcode/sdk/cpp/V5/V5_20240802_15_00_00/vexv5/libv5rt.a(v5_apijump.c.obj)
                0x00000000038094f4                vexDisplayPenSizeGet
 .text.vexSystemStdlibImpureDataAddr
                0x0000000003809510       0x28 /Users/5327k/Library/Application Support/Code/User/globalStorage/vexrobotics.vexcode/sdk/cpp/V5/V5_20240802_15_00_00/vexv5/libv5rt.a(v5_apijump.c.obj)
                0x0000000003809510                vexSystemStdlibImpureDataAddr
 .text.vexSystemStdlibImpureDataSize
                0x0000000003809538       0x28 /Users/5327k/Library/Application Support/Code/User/globalStorage/vexrobotics.vexcode/sdk/cpp/V5/V5_20240802_15_00_00/vexv5/libv5rt.a(v5_apijump.c.obj)
                0x0000000003809538                vexSystemStdlibImpureDataSize
 .text.vexSystemSaveUserData
                0x0000000003809560       0x3c /Users/5327k/Library/Application Support/Code/User/globalStorage/vexrobotics.vexcode/sdk/cpp/V5/V5_20240802_15_00_00/vexv5/libv5rt.a(v5_apijump.c.obj)
                0x0000000003809560                vexSystemSaveUserData
 .text.vexDisplayThemeIdGet
                0x000000000380959c       0x38 /Users/5327k/Library/Application Support/Code/User/globalStorage/vexrobotics.vexcode/sdk/cpp/V5/V5_20240802_15_00_00/vexv5/libv5rt.a(v5_apijump.c.obj)
                0x000000000380959c                vexDisplayThemeIdGet
 .text.vexDeviceEventMaskSet
                0x00000000038095d4       0x48 /Users/5327k/Library/Application Support/Code/User/globalStorage/vexrobotics.vexcode/sdk/cpp/V5/V5_20240802_15_00_00/vexv5/libv5rt.a(v5_apijump.c.obj)
                0x00000000038095d4                vexDeviceEventMaskSet
 .text.vexDeviceEventMaskGet
                0x000000000380961c       0x3c /Users/5327k/Library/Application Support/Code/User/globalStorage/vexrobotics.vexcode/sdk/cpp/V5/V5_20240802_15_00_00/vexv5/libv5rt.a(v5_apijump.c.obj)
                0x000000000380961c                vexDeviceEventMaskGet
 .text.vexDeviceEventBitsSet
                0x0000000003809658       0x48 /Users/5327k/Library/Application Support/Code/User/globalStorage/vexrobotics.vexcode/sdk/cpp/V5/V5_20240802_15_00_00/vexv5/libv5rt.a(v5_apijump.c.obj)
                0x0000000003809658                vexDeviceEventBitsSet
 .text.vexDeviceEventBitsGet
                0x00000000038096a0       0x3c /Users/5327k/Library/Application Support/Code/User/globalStorage/vexrobotics.vexcode/sdk/cpp/V5/V5_20240802_15_00_00/vexv5/libv5rt.a(v5_apijump.c.obj)
                0x00000000038096a0                vexDeviceEventBitsGet
 .text.vexSystemVersion
                0x00000000038096dc       0x10 /Users/5327k/Library/Application Support/Code/User/globalStorage/vexrobotics.vexcode/sdk/cpp/V5/V5_20240802_15_00_00/vexv5/libv5rt.a(v5_apiversions.c.obj)
                0x00000000038096dc                vexSystemVersion
 .text.vexStdlibVersion
                0x00000000038096ec       0x10 /Users/5327k/Library/Application Support/Code/User/globalStorage/vexrobotics.vexcode/sdk/cpp/V5/V5_20240802_15_00_00/vexv5/libv5rt.a(v5_apiversions.c.obj)
                0x00000000038096ec                vexStdlibVersion
 *fill*         0x00000000038096fc        0x4 
 .text._ZN3vex4waitEdNS_9timeUnitsE
                0x0000000003809700       0x30 /Users/5327k/Library/Application Support/Code/User/globalStorage/vexrobotics.vexcode/sdk/cpp/V5/V5_20240802_15_00_00/vexv5/libv5rt.a(vex_global.cpp.obj)
                0x0000000003809700                vex::wait(double, vex::timeUnits)
 .text._ZN3vex5motorD2Ev
                0x0000000003809730       0x20 /Users/5327k/Library/Application Support/Code/User/globalStorage/vexrobotics.vexcode/sdk/cpp/V5/V5_20240802_15_00_00/vexv5/libv5rt.a(vex_motor.cpp.obj)
                0x0000000003809730                vex::motor::~motor()
                0x0000000003809730                vex::motor::~motor()
 .text._ZN3vex5motorD0Ev
                0x0000000003809750       0x1c /Users/5327k/Library/Application Support/Code/User/globalStorage/vexrobotics.vexcode/sdk/cpp/V5/V5_20240802_15_00_00/vexv5/libv5rt.a(vex_motor.cpp.obj)
                0x0000000003809750                vex::motor::~motor()
 .text._ZN3vex5motor9installedEv
                0x000000000380976c       0x18 /Users/5327k/Library/Application Support/Code/User/globalStorage/vexrobotics.vexcode/sdk/cpp/V5/V5_20240802_15_00_00/vexv5/libv5rt.a(vex_motor.cpp.obj)
                0x000000000380976c                vex::motor::installed()
 .text._ZN3vex5motor15defaultStoppingENS_9brakeTypeE
                0x0000000003809784       0x30 /Users/5327k/Library/Application Support/Code/User/globalStorage/vexrobotics.vexcode/sdk/cpp/V5/V5_20240802_15_00_00/vexv5/libv5rt.a(vex_motor.cpp.obj)
                0x0000000003809784                vex::motor::defaultStopping(vex::brakeType)
 .text._ZN3vex5motorC2El
                0x00000000038097b4       0x78 /Users/5327k/Library/Application Support/Code/User/globalStorage/vexrobotics.vexcode/sdk/cpp/V5/V5_20240802_15_00_00/vexv5/libv5rt.a(vex_motor.cpp.obj)
                0x00000000038097b4                vex::motor::motor(long)
                0x00000000038097b4                vex::motor::motor(long)
 .text._ZN3vex5motorC2ElNS_11gearSettingEb
                0x000000000380982c       0x34 /Users/5327k/Library/Application Support/Code/User/globalStorage/vexrobotics.vexcode/sdk/cpp/V5/V5_20240802_15_00_00/vexv5/libv5rt.a(vex_motor.cpp.obj)
                0x000000000380982c                vex::motor::motor(long, vex::gearSetting, bool)
                0x000000000380982c                vex::motor::motor(long, vex::gearSetting, bool)
 .text._ZN3vex5motor4spinENS_13directionTypeEdNS_12voltageUnitsE
                0x0000000003809860       0x50 /Users/5327k/Library/Application Support/Code/User/globalStorage/vexrobotics.vexcode/sdk/cpp/V5/V5_20240802_15_00_00/vexv5/libv5rt.a(vex_motor.cpp.obj)
                0x0000000003809860                vex::motor::spin(vex::directionType, double, vex::voltageUnits)
 .text._ZN3vex5motor4stopENS_9brakeTypeE
                0x00000000038098b0       0x30 /Users/5327k/Library/Application Support/Code/User/globalStorage/vexrobotics.vexcode/sdk/cpp/V5/V5_20240802_15_00_00/vexv5/libv5rt.a(vex_motor.cpp.obj)
                0x00000000038098b0                vex::motor::stop(vex::brakeType)
 .text._ZN3vex5motor6torqueENS_11torqueUnitsE
                0x00000000038098e0       0x30 /Users/5327k/Library/Application Support/Code/User/globalStorage/vexrobotics.vexcode/sdk/cpp/V5/V5_20240802_15_00_00/vexv5/libv5rt.a(vex_motor.cpp.obj)
                0x00000000038098e0                vex::motor::torque(vex::torqueUnits)
 .text._ZN3vex5motor16velocityToScaledEdNS_13velocityUnitsE
                0x0000000003809910       0x5c /Users/5327k/Library/Application Support/Code/User/globalStorage/vexrobotics.vexcode/sdk/cpp/V5/V5_20240802_15_00_00/vexv5/libv5rt.a(vex_motor.cpp.obj)
                0x0000000003809910                vex::motor::velocityToScaled(double, vex::velocityUnits)
 .text._ZN3vex5motor8velocityENS_13velocityUnitsE
                0x000000000380996c       0x30 /Users/5327k/Library/Application Support/Code/User/globalStorage/vexrobotics.vexcode/sdk/cpp/V5/V5_20240802_15_00_00/vexv5/libv5rt.a(vex_motor.cpp.obj)
                0x000000000380996c                vex::motor::velocity(vex::velocityUnits)
 .text._ZN3vex5motor5valueEv
                0x000000000380999c       0x1c /Users/5327k/Library/Application Support/Code/User/globalStorage/vexrobotics.vexcode/sdk/cpp/V5/V5_20240802_15_00_00/vexv5/libv5rt.a(vex_motor.cpp.obj)
                0x000000000380999c                vex::motor::value()
 .text._ZN3vex5motor16setRotationUnitsENS_13rotationUnitsE
                0x00000000038099b8       0x1c /Users/5327k/Library/Application Support/Code/User/globalStorage/vexrobotics.vexcode/sdk/cpp/V5/V5_20240802_15_00_00/vexv5/libv5rt.a(vex_motor.cpp.obj)
                0x00000000038099b8                vex::motor::setRotationUnits(vex::rotationUnits)
 .text._ZN3vex5motor11setPositionEdNS_13rotationUnitsE
                0x00000000038099d4       0x44 /Users/5327k/Library/Application Support/Code/User/globalStorage/vexrobotics.vexcode/sdk/cpp/V5/V5_20240802_15_00_00/vexv5/libv5rt.a(vex_motor.cpp.obj)
                0x00000000038099d4                vex::motor::setPosition(double, vex::rotationUnits)
 .text._ZN3vex5motor8positionENS_13rotationUnitsE
                0x0000000003809a18       0x44 /Users/5327k/Library/Application Support/Code/User/globalStorage/vexrobotics.vexcode/sdk/cpp/V5/V5_20240802_15_00_00/vexv5/libv5rt.a(vex_motor.cpp.obj)
                0x0000000003809a18                vex::motor::position(vex::rotationUnits)
 .text._ZN3vex8inertial11getTurnTypeEv
                0x0000000003809a5c        0x8 /Users/5327k/Library/Application Support/Code/User/globalStorage/vexrobotics.vexcode/sdk/cpp/V5/V5_20240802_15_00_00/vexv5/libv5rt.a(vex_imu.cpp.obj)
                0x0000000003809a5c                vex::inertial::getTurnType()
 .text._ZThn16_N3vex8inertial11getTurnTypeEv
                0x0000000003809a64        0x8 /Users/5327k/Library/Application Support/Code/User/globalStorage/vexrobotics.vexcode/sdk/cpp/V5/V5_20240802_15_00_00/vexv5/libv5rt.a(vex_imu.cpp.obj)
                0x0000000003809a64                non-virtual thunk to vex::inertial::getTurnType()
 *fill*         0x0000000003809a6c        0x4 
 .text._ZN3vex8inertial10setHeadingEdNS_13rotationUnitsE
                0x0000000003809a70       0x58 /Users/5327k/Library/Application Support/Code/User/globalStorage/vexrobotics.vexcode/sdk/cpp/V5/V5_20240802_15_00_00/vexv5/libv5rt.a(vex_imu.cpp.obj)
                0x0000000003809a70                vex::inertial::setHeading(double, vex::rotationUnits)
 .text._ZThn16_N3vex8inertial10setHeadingEdNS_13rotationUnitsE
                0x0000000003809ac8        0x8 /Users/5327k/Library/Application Support/Code/User/globalStorage/vexrobotics.vexcode/sdk/cpp/V5/V5_20240802_15_00_00/vexv5/libv5rt.a(vex_imu.cpp.obj)
                0x0000000003809ac8                non-virtual thunk to vex::inertial::setHeading(double, vex::rotationUnits)
 .text._ZN3vex8inertial11setRotationEdNS_13rotationUnitsE
                0x0000000003809ad0       0x58 /Users/5327k/Library/Application Support/Code/User/globalStorage/vexrobotics.vexcode/sdk/cpp/V5/V5_20240802_15_00_00/vexv5/libv5rt.a(vex_imu.cpp.obj)
                0x0000000003809ad0                vex::inertial::setRotation(double, vex::rotationUnits)
 .text._ZThn16_N3vex8inertial11setRotationEdNS_13rotationUnitsE
                0x0000000003809b28        0x8 /Users/5327k/Library/Application Support/Code/User/globalStorage/vexrobotics.vexcode/sdk/cpp/V5/V5_20240802_15_00_00/vexv5/libv5rt.a(vex_imu.cpp.obj)
                0x0000000003809b28                non-virtual thunk to vex::inertial::setRotation(double, vex::rotationUnits)
 .text._ZN3vex8inertialD2Ev
                0x0000000003809b30       0x20 /Users/5327k/Library/Application Support/Code/User/globalStorage/vexrobotics.vexcode/sdk/cpp/V5/V5_20240802_15_00_00/vexv5/libv5rt.a(vex_imu.cpp.obj)
                0x0000000003809b30                vex::inertial::~inertial()
                0x0000000003809b30                vex::inertial::~inertial()
 .text._ZThn16_N3vex8inertialD1Ev
                0x0000000003809b50        0x8 /Users/5327k/Library/Application Support/Code/User/globalStorage/vexrobotics.vexcode/sdk/cpp/V5/V5_20240802_15_00_00/vexv5/libv5rt.a(vex_imu.cpp.obj)
                0x0000000003809b50                non-virtual thunk to vex::inertial::~inertial()
 .text._ZN3vex8inertialD0Ev
                0x0000000003809b58       0x1c /Users/5327k/Library/Application Support/Code/User/globalStorage/vexrobotics.vexcode/sdk/cpp/V5/V5_20240802_15_00_00/vexv5/libv5rt.a(vex_imu.cpp.obj)
                0x0000000003809b58                vex::inertial::~inertial()
 .text._ZThn16_N3vex8inertialD0Ev
                0x0000000003809b74        0x8 /Users/5327k/Library/Application Support/Code/User/globalStorage/vexrobotics.vexcode/sdk/cpp/V5/V5_20240802_15_00_00/vexv5/libv5rt.a(vex_imu.cpp.obj)
                0x0000000003809b74                non-virtual thunk to vex::inertial::~inertial()
 .text._ZN3vex8inertial9installedEv
                0x0000000003809b7c       0x18 /Users/5327k/Library/Application Support/Code/User/globalStorage/vexrobotics.vexcode/sdk/cpp/V5/V5_20240802_15_00_00/vexv5/libv5rt.a(vex_imu.cpp.obj)
                0x0000000003809b7c                vex::inertial::installed()
 .text._ZN3vex8inertial5angleENS_13rotationUnitsE
                0x0000000003809b94       0x6c /Users/5327k/Library/Application Support/Code/User/globalStorage/vexrobotics.vexcode/sdk/cpp/V5/V5_20240802_15_00_00/vexv5/libv5rt.a(vex_imu.cpp.obj)
                0x0000000003809b94                vex::inertial::angle(vex::rotationUnits)
 .text._ZThn16_N3vex8inertial5angleENS_13rotationUnitsE
                0x0000000003809c00        0x8 /Users/5327k/Library/Application Support/Code/User/globalStorage/vexrobotics.vexcode/sdk/cpp/V5/V5_20240802_15_00_00/vexv5/libv5rt.a(vex_imu.cpp.obj)
                0x0000000003809c00                non-virtual thunk to vex::inertial::angle(vex::rotationUnits)
 .text._ZN3vex8inertial7headingENS_13rotationUnitsE
                0x0000000003809c08        0x4 /Users/5327k/Library/Application Support/Code/User/globalStorage/vexrobotics.vexcode/sdk/cpp/V5/V5_20240802_15_00_00/vexv5/libv5rt.a(vex_imu.cpp.obj)
                0x0000000003809c08                vex::inertial::heading(vex::rotationUnits)
 .text._ZThn16_N3vex8inertial7headingENS_13rotationUnitsE
                0x0000000003809c0c        0x8 /Users/5327k/Library/Application Support/Code/User/globalStorage/vexrobotics.vexcode/sdk/cpp/V5/V5_20240802_15_00_00/vexv5/libv5rt.a(vex_imu.cpp.obj)
                0x0000000003809c0c                non-virtual thunk to vex::inertial::heading(vex::rotationUnits)
 .text._ZN3vex8inertial5valueEv
                0x0000000003809c14       0x1c /Users/5327k/Library/Application Support/Code/User/globalStorage/vexrobotics.vexcode/sdk/cpp/V5/V5_20240802_15_00_00/vexv5/libv5rt.a(vex_imu.cpp.obj)
                0x0000000003809c14                vex::inertial::value()
 .text._ZN3vex8inertial8rotationENS_13rotationUnitsE
                0x0000000003809c30       0x48 /Users/5327k/Library/Application Support/Code/User/globalStorage/vexrobotics.vexcode/sdk/cpp/V5/V5_20240802_15_00_00/vexv5/libv5rt.a(vex_imu.cpp.obj)
                0x0000000003809c30                vex::inertial::rotation(vex::rotationUnits)
 .text._ZThn16_N3vex8inertial8rotationENS_13rotationUnitsE
                0x0000000003809c78        0x8 /Users/5327k/Library/Application Support/Code/User/globalStorage/vexrobotics.vexcode/sdk/cpp/V5/V5_20240802_15_00_00/vexv5/libv5rt.a(vex_imu.cpp.obj)
                0x0000000003809c78                non-virtual thunk to vex::inertial::rotation(vex::rotationUnits)
 .text._ZN3vex8inertial13isCalibratingEv
                0x0000000003809c80       0x38 /Users/5327k/Library/Application Support/Code/User/globalStorage/vexrobotics.vexcode/sdk/cpp/V5/V5_20240802_15_00_00/vexv5/libv5rt.a(vex_imu.cpp.obj)
                0x0000000003809c80                vex::inertial::isCalibrating()
 .text._ZThn16_N3vex8inertial13isCalibratingEv
                0x0000000003809cb8        0x8 /Users/5327k/Library/Application Support/Code/User/globalStorage/vexrobotics.vexcode/sdk/cpp/V5/V5_20240802_15_00_00/vexv5/libv5rt.a(vex_imu.cpp.obj)
                0x0000000003809cb8                non-virtual thunk to vex::inertial::isCalibrating()
 .text._ZN3vex8inertialC2ElNS_8turnTypeE
                0x0000000003809cc0       0x4c /Users/5327k/Library/Application Support/Code/User/globalStorage/vexrobotics.vexcode/sdk/cpp/V5/V5_20240802_15_00_00/vexv5/libv5rt.a(vex_imu.cpp.obj)
                0x0000000003809cc0                vex::inertial::inertial(long, vex::turnType)
                0x0000000003809cc0                vex::inertial::inertial(long, vex::turnType)
 .text._ZN3vex8inertial16startCalibrationEl
                0x0000000003809d0c       0x20 /Users/5327k/Library/Application Support/Code/User/globalStorage/vexrobotics.vexcode/sdk/cpp/V5/V5_20240802_15_00_00/vexv5/libv5rt.a(vex_imu.cpp.obj)
                0x0000000003809d0c                vex::inertial::startCalibration(long)
 .text._ZN3vex8inertial9calibrateEl
                0x0000000003809d2c        0xc /Users/5327k/Library/Application Support/Code/User/globalStorage/vexrobotics.vexcode/sdk/cpp/V5/V5_20240802_15_00_00/vexv5/libv5rt.a(vex_imu.cpp.obj)
                0x0000000003809d2c                vex::inertial::calibrate(long)
                0x0000000003809d30                non-virtual thunk to vex::inertial::calibrate(long)
 .text._ZN3vex8rotationD2Ev
                0x0000000003809d38       0x20 /Users/5327k/Library/Application Support/Code/User/globalStorage/vexrobotics.vexcode/sdk/cpp/V5/V5_20240802_15_00_00/vexv5/libv5rt.a(vex_rotation.cpp.obj)
                0x0000000003809d38                vex::rotation::~rotation()
                0x0000000003809d38                vex::rotation::~rotation()
 .text._ZN3vex8rotationD0Ev
                0x0000000003809d58       0x1c /Users/5327k/Library/Application Support/Code/User/globalStorage/vexrobotics.vexcode/sdk/cpp/V5/V5_20240802_15_00_00/vexv5/libv5rt.a(vex_rotation.cpp.obj)
                0x0000000003809d58                vex::rotation::~rotation()
 .text._ZN3vex8rotation9installedEv
                0x0000000003809d74       0x18 /Users/5327k/Library/Application Support/Code/User/globalStorage/vexrobotics.vexcode/sdk/cpp/V5/V5_20240802_15_00_00/vexv5/libv5rt.a(vex_rotation.cpp.obj)
                0x0000000003809d74                vex::rotation::installed()
 .text._ZN3vex8rotation5valueEv
                0x0000000003809d8c        0x8 /Users/5327k/Library/Application Support/Code/User/globalStorage/vexrobotics.vexcode/sdk/cpp/V5/V5_20240802_15_00_00/vexv5/libv5rt.a(vex_rotation.cpp.obj)
                0x0000000003809d8c                vex::rotation::value()
 .text._ZN3vex8rotationC2Elb
                0x0000000003809d94       0x30 /Users/5327k/Library/Application Support/Code/User/globalStorage/vexrobotics.vexcode/sdk/cpp/V5/V5_20240802_15_00_00/vexv5/libv5rt.a(vex_rotation.cpp.obj)
                0x0000000003809d94                vex::rotation::rotation(long, bool)
                0x0000000003809d94                vex::rotation::rotation(long, bool)
 *fill*         0x0000000003809dc4        0x4 
 .text._ZN3vex8rotation8positionENS_13rotationUnitsE
                0x0000000003809dc8       0x50 /Users/5327k/Library/Application Support/Code/User/globalStorage/vexrobotics.vexcode/sdk/cpp/V5/V5_20240802_15_00_00/vexv5/libv5rt.a(vex_rotation.cpp.obj)
                0x0000000003809dc8                vex::rotation::position(vex::rotationUnits)
 .text._ZN3vex7opticalD2Ev
                0x0000000003809e18       0x20 /Users/5327k/Library/Application Support/Code/User/globalStorage/vexrobotics.vexcode/sdk/cpp/V5/V5_20240802_15_00_00/vexv5/libv5rt.a(vex_optical.cpp.obj)
                0x0000000003809e18                vex::optical::~optical()
                0x0000000003809e18                vex::optical::~optical()
 .text._ZN3vex7opticalD0Ev
                0x0000000003809e38       0x1c /Users/5327k/Library/Application Support/Code/User/globalStorage/vexrobotics.vexcode/sdk/cpp/V5/V5_20240802_15_00_00/vexv5/libv5rt.a(vex_optical.cpp.obj)
                0x0000000003809e38                vex::optical::~optical()
 .text._ZN3vex7optical9installedEv
                0x0000000003809e54       0x18 /Users/5327k/Library/Application Support/Code/User/globalStorage/vexrobotics.vexcode/sdk/cpp/V5/V5_20240802_15_00_00/vexv5/libv5rt.a(vex_optical.cpp.obj)
                0x0000000003809e54                vex::optical::installed()
 .text._ZN3vex7optical3hueEv
                0x0000000003809e6c        0x8 /Users/5327k/Library/Application Support/Code/User/globalStorage/vexrobotics.vexcode/sdk/cpp/V5/V5_20240802_15_00_00/vexv5/libv5rt.a(vex_optical.cpp.obj)
                0x0000000003809e6c                vex::optical::hue()
 .text._ZN3vex7optical5valueEv
                0x0000000003809e74       0x18 /Users/5327k/Library/Application Support/Code/User/globalStorage/vexrobotics.vexcode/sdk/cpp/V5/V5_20240802_15_00_00/vexv5/libv5rt.a(vex_optical.cpp.obj)
                0x0000000003809e74                vex::optical::value()
 .text._ZN3vex7optical13gestureEnableEv
                0x0000000003809e8c        0x8 /Users/5327k/Library/Application Support/Code/User/globalStorage/vexrobotics.vexcode/sdk/cpp/V5/V5_20240802_15_00_00/vexv5/libv5rt.a(vex_optical.cpp.obj)
                0x0000000003809e8c                vex::optical::gestureEnable()
 .text._ZN3vex7optical14gestureDisableEv
                0x0000000003809e94        0x8 /Users/5327k/Library/Application Support/Code/User/globalStorage/vexrobotics.vexcode/sdk/cpp/V5/V5_20240802_15_00_00/vexv5/libv5rt.a(vex_optical.cpp.obj)
                0x0000000003809e94                vex::optical::gestureDisable()
 .text._ZN3vex7opticalC2Elb
                0x0000000003809e9c       0x54 /Users/5327k/Library/Application Support/Code/User/globalStorage/vexrobotics.vexcode/sdk/cpp/V5/V5_20240802_15_00_00/vexv5/libv5rt.a(vex_optical.cpp.obj)
                0x0000000003809e9c                vex::optical::optical(long, bool)
                0x0000000003809e9c                vex::optical::optical(long, bool)
 .text._ZN3vex8distanceD2Ev
                0x0000000003809ef0       0x20 /Users/5327k/Library/Application Support/Code/User/globalStorage/vexrobotics.vexcode/sdk/cpp/V5/V5_20240802_15_00_00/vexv5/libv5rt.a(vex_distance.cpp.obj)
                0x0000000003809ef0                vex::distance::~distance()
                0x0000000003809ef0                vex::distance::~distance()
 .text._ZN3vex8distanceD0Ev
                0x0000000003809f10       0x1c /Users/5327k/Library/Application Support/Code/User/globalStorage/vexrobotics.vexcode/sdk/cpp/V5/V5_20240802_15_00_00/vexv5/libv5rt.a(vex_distance.cpp.obj)
                0x0000000003809f10                vex::distance::~distance()
 .text._ZN3vex8distance9installedEv
                0x0000000003809f2c       0x18 /Users/5327k/Library/Application Support/Code/User/globalStorage/vexrobotics.vexcode/sdk/cpp/V5/V5_20240802_15_00_00/vexv5/libv5rt.a(vex_distance.cpp.obj)
                0x0000000003809f2c                vex::distance::installed()
 .text._ZN3vex8distance5valueEv
                0x0000000003809f44        0x8 /Users/5327k/Library/Application Support/Code/User/globalStorage/vexrobotics.vexcode/sdk/cpp/V5/V5_20240802_15_00_00/vexv5/libv5rt.a(vex_distance.cpp.obj)
                0x0000000003809f44                vex::distance::value()
 .text._ZN3vex8distanceC2El
                0x0000000003809f4c       0x20 /Users/5327k/Library/Application Support/Code/User/globalStorage/vexrobotics.vexcode/sdk/cpp/V5/V5_20240802_15_00_00/vexv5/libv5rt.a(vex_distance.cpp.obj)
                0x0000000003809f4c                vex::distance::distance(long)
                0x0000000003809f4c                vex::distance::distance(long)
 .text._ZN3vex10controllerD2Ev
                0x0000000003809f6c        0x4 /Users/5327k/Library/Application Support/Code/User/globalStorage/vexrobotics.vexcode/sdk/cpp/V5/V5_20240802_15_00_00/vexv5/libv5rt.a(vex_controller.cpp.obj)
                0x0000000003809f6c                vex::controller::~controller()
                0x0000000003809f6c                vex::controller::~controller()
 .text._ZN3vex10controller5valueE19_V5_ControllerIndex
                0x0000000003809f70        0x8 /Users/5327k/Library/Application Support/Code/User/globalStorage/vexrobotics.vexcode/sdk/cpp/V5/V5_20240802_15_00_00/vexv5/libv5rt.a(vex_controller.cpp.obj)
                0x0000000003809f70                vex::controller::value(_V5_ControllerIndex)
 .text._ZN3vex10controller6rumbleEPKc
                0x0000000003809f78       0x4c /Users/5327k/Library/Application Support/Code/User/globalStorage/vexrobotics.vexcode/sdk/cpp/V5/V5_20240802_15_00_00/vexv5/libv5rt.a(vex_controller.cpp.obj)
                0x0000000003809f78                vex::controller::rumble(char const*)
 .text._ZNK3vex10controller6button8pressingEv
                0x0000000003809fc4       0xc8 /Users/5327k/Library/Application Support/Code/User/globalStorage/vexrobotics.vexcode/sdk/cpp/V5/V5_20240802_15_00_00/vexv5/libv5rt.a(vex_controller.cpp.obj)
                0x0000000003809fc4                vex::controller::button::pressing() const
 .text._ZNK3vex10controller6button21_buttonToPressedEventEv
                0x000000000380a08c       0x20 /Users/5327k/Library/Application Support/Code/User/globalStorage/vexrobotics.vexcode/sdk/cpp/V5/V5_20240802_15_00_00/vexv5/libv5rt.a(vex_controller.cpp.obj)
                0x000000000380a08c                vex::controller::button::_buttonToPressedEvent() const
 .text._ZNK3vex10controller6button22_buttonToReleasedEventEv
                0x000000000380a0ac       0x20 /Users/5327k/Library/Application Support/Code/User/globalStorage/vexrobotics.vexcode/sdk/cpp/V5/V5_20240802_15_00_00/vexv5/libv5rt.a(vex_controller.cpp.obj)
                0x000000000380a0ac                vex::controller::button::_buttonToReleasedEvent() const
 .text._ZN3vex10controller6buttonC2ENS0_11tButtonTypeEPS0_
                0x000000000380a0cc       0x48 /Users/5327k/Library/Application Support/Code/User/globalStorage/vexrobotics.vexcode/sdk/cpp/V5/V5_20240802_15_00_00/vexv5/libv5rt.a(vex_controller.cpp.obj)
                0x000000000380a0cc                vex::controller::button::button(vex::controller::tButtonType, vex::controller*)
                0x000000000380a0cc                vex::controller::button::button(vex::controller::tButtonType, vex::controller*)
 .text._ZNK3vex10controller4axis5valueEv
                0x000000000380a114       0x58 /Users/5327k/Library/Application Support/Code/User/globalStorage/vexrobotics.vexcode/sdk/cpp/V5/V5_20240802_15_00_00/vexv5/libv5rt.a(vex_controller.cpp.obj)
                0x000000000380a114                vex::controller::axis::value() const
 .text._ZNK3vex10controller4axis23_joystickToChangedEventEv
                0x000000000380a16c       0x20 /Users/5327k/Library/Application Support/Code/User/globalStorage/vexrobotics.vexcode/sdk/cpp/V5/V5_20240802_15_00_00/vexv5/libv5rt.a(vex_controller.cpp.obj)
                0x000000000380a16c                vex::controller::axis::_joystickToChangedEvent() const
 .text._ZN3vex10controller4axisC2ENS0_9tAxisTypeEPS0_
                0x000000000380a18c       0x2c /Users/5327k/Library/Application Support/Code/User/globalStorage/vexrobotics.vexcode/sdk/cpp/V5/V5_20240802_15_00_00/vexv5/libv5rt.a(vex_controller.cpp.obj)
                0x000000000380a18c                vex::controller::axis::axis(vex::controller::tAxisType, vex::controller*)
                0x000000000380a18c                vex::controller::axis::axis(vex::controller::tAxisType, vex::controller*)
 .text._ZN3vex10controllerC2ENS_14controllerTypeE
                0x000000000380a1b8      0x16c /Users/5327k/Library/Application Support/Code/User/globalStorage/vexrobotics.vexcode/sdk/cpp/V5/V5_20240802_15_00_00/vexv5/libv5rt.a(vex_controller.cpp.obj)
                0x000000000380a1b8                vex::controller::controller(vex::controllerType)
                0x000000000380a1b8                vex::controller::controller(vex::controllerType)
 .text._ZN3vex4taskC2EPFivE
                0x000000000380a324       0x5c /Users/5327k/Library/Application Support/Code/User/globalStorage/vexrobotics.vexcode/sdk/cpp/V5/V5_20240802_15_00_00/vexv5/libv5rt.a(vex_task.cpp.obj)
                0x000000000380a324                vex::task::task(int (*)())
                0x000000000380a324                vex::task::task(int (*)())
 .text._ZN3vex4taskD2Ev
                0x000000000380a380        0x4 /Users/5327k/Library/Application Support/Code/User/globalStorage/vexrobotics.vexcode/sdk/cpp/V5/V5_20240802_15_00_00/vexv5/libv5rt.a(vex_task.cpp.obj)
                0x000000000380a380                vex::task::~task()
                0x000000000380a380                vex::task::~task()
 .text._ZN3vex4task4stopEPvi
                0x000000000380a384       0x1c /Users/5327k/Library/Application Support/Code/User/globalStorage/vexrobotics.vexcode/sdk/cpp/V5/V5_20240802_15_00_00/vexv5/libv5rt.a(vex_task.cpp.obj)
                0x000000000380a384                vex::task::stop(void*, int)
 .text._ZN3vex4task5sleepEm
                0x000000000380a3a0        0x4 /Users/5327k/Library/Application Support/Code/User/globalStorage/vexrobotics.vexcode/sdk/cpp/V5/V5_20240802_15_00_00/vexv5/libv5rt.a(vex_task.cpp.obj)
                0x000000000380a3a0                vex::task::sleep(unsigned long)
 .text._ZN3vex4task6_indexEPFivE
                0x000000000380a3a4       0x14 /Users/5327k/Library/Application Support/Code/User/globalStorage/vexrobotics.vexcode/sdk/cpp/V5/V5_20240802_15_00_00/vexv5/libv5rt.a(vex_task.cpp.obj)
                0x000000000380a3a4                vex::task::_index(int (*)())
 .text._ZN3vex4task8_stopAllEv
                0x000000000380a3b8       0x3c /Users/5327k/Library/Application Support/Code/User/globalStorage/vexrobotics.vexcode/sdk/cpp/V5/V5_20240802_15_00_00/vexv5/libv5rt.a(vex_task.cpp.obj)
                0x000000000380a3b8                vex::task::_stopAll()
 .text._ZN3vex6threadC2EPFivE
                0x000000000380a3f4       0x5c /Users/5327k/Library/Application Support/Code/User/globalStorage/vexrobotics.vexcode/sdk/cpp/V5/V5_20240802_15_00_00/vexv5/libv5rt.a(vex_thread.cpp.obj)
                0x000000000380a3f4                vex::thread::thread(int (*)())
                0x000000000380a3f4                vex::thread::thread(int (*)())
 .text._ZN3vex6threadD2Ev
                0x000000000380a450        0x4 /Users/5327k/Library/Application Support/Code/User/globalStorage/vexrobotics.vexcode/sdk/cpp/V5/V5_20240802_15_00_00/vexv5/libv5rt.a(vex_thread.cpp.obj)
                0x000000000380a450                vex::thread::~thread()
                0x000000000380a450                vex::thread::~thread()
 .text._ZN3vex11this_thread9sleep_forEm
                0x000000000380a454        0x4 /Users/5327k/Library/Application Support/Code/User/globalStorage/vexrobotics.vexcode/sdk/cpp/V5/V5_20240802_15_00_00/vexv5/libv5rt.a(vex_thread.cpp.obj)
                0x000000000380a454                vex::this_thread::sleep_for(unsigned long)
 .text._ZN3vex5event4initEmmPFvvE
                0x000000000380a458        0x4 /Users/5327k/Library/Application Support/Code/User/globalStorage/vexrobotics.vexcode/sdk/cpp/V5/V5_20240802_15_00_00/vexv5/libv5rt.a(vex_event.cpp.obj)
                0x000000000380a458                vex::event::init(unsigned long, unsigned long, void (*)())
 .text._ZN3vex5event4initEmmPFvPvES1_
                0x000000000380a45c        0x4 /Users/5327k/Library/Application Support/Code/User/globalStorage/vexrobotics.vexcode/sdk/cpp/V5/V5_20240802_15_00_00/vexv5/libv5rt.a(vex_event.cpp.obj)
                0x000000000380a45c                vex::event::init(unsigned long, unsigned long, void (*)(void*), void*)
 .text._ZN3vex5event9userindexEv
                0x000000000380a460        0x4 /Users/5327k/Library/Application Support/Code/User/globalStorage/vexrobotics.vexcode/sdk/cpp/V5/V5_20240802_15_00_00/vexv5/libv5rt.a(vex_event.cpp.obj)
                0x000000000380a460                vex::event::userindex()
 .text._ZZN3vex6meventC4EmmENUlvE_4_FUNEv
                0x000000000380a464        0x4 /Users/5327k/Library/Application Support/Code/User/globalStorage/vexrobotics.vexcode/sdk/cpp/V5/V5_20240802_15_00_00/vexv5/libv5rt.a(vex_mevent.cpp.obj)
 .text._ZN3vex6meventC2Emm
                0x000000000380a468       0x70 /Users/5327k/Library/Application Support/Code/User/globalStorage/vexrobotics.vexcode/sdk/cpp/V5/V5_20240802_15_00_00/vexv5/libv5rt.a(vex_mevent.cpp.obj)
                0x000000000380a468                vex::mevent::mevent(unsigned long, unsigned long)
                0x000000000380a468                vex::mevent::mevent(unsigned long, unsigned long)
 .text._ZNK3vex6meventcviEv
                0x000000000380a4d8       0x4c /Users/5327k/Library/Application Support/Code/User/globalStorage/vexrobotics.vexcode/sdk/cpp/V5/V5_20240802_15_00_00/vexv5/libv5rt.a(vex_mevent.cpp.obj)
                0x000000000380a4d8                vex::mevent::operator int() const
 .text._ZN3vex5brain9_getIndexEv
                0x000000000380a524       0x10 /Users/5327k/Library/Application Support/Code/User/globalStorage/vexrobotics.vexcode/sdk/cpp/V5/V5_20240802_15_00_00/vexv5/libv5rt.a(vex_brain.cpp.obj)
                0x000000000380a524                vex::brain::_getIndex()
 .text._ZN3vex5brain5timerENS_9timeUnitsE
                0x000000000380a534        0x8 /Users/5327k/Library/Application Support/Code/User/globalStorage/vexrobotics.vexcode/sdk/cpp/V5/V5_20240802_15_00_00/vexv5/libv5rt.a(vex_brain.cpp.obj)
                0x000000000380a534                vex::brain::timer(vex::timeUnits)
 .text._ZN3vex5brain3lcd9setCursorEll
                0x000000000380a53c       0x44 /Users/5327k/Library/Application Support/Code/User/globalStorage/vexrobotics.vexcode/sdk/cpp/V5/V5_20240802_15_00_00/vexv5/libv5rt.a(vex_brain.cpp.obj)
                0x000000000380a53c                vex::brain::lcd::setCursor(long, long)
 .text._ZN3vex5brain3lcd7setFontENS_8fontTypeE
                0x000000000380a580      0x23c /Users/5327k/Library/Application Support/Code/User/globalStorage/vexrobotics.vexcode/sdk/cpp/V5/V5_20240802_15_00_00/vexv5/libv5rt.a(vex_brain.cpp.obj)
                0x000000000380a580                vex::brain::lcd::setFont(vex::fontType)
 .text._ZN3vex5brain3lcdC2Ev
                0x000000000380a7bc       0x94 /Users/5327k/Library/Application Support/Code/User/globalStorage/vexrobotics.vexcode/sdk/cpp/V5/V5_20240802_15_00_00/vexv5/libv5rt.a(vex_brain.cpp.obj)
                0x000000000380a7bc                vex::brain::lcd::lcd()
                0x000000000380a7bc                vex::brain::lcd::lcd()
 .text._ZN3vex5brainC2Ev
                0x000000000380a850       0x3c /Users/5327k/Library/Application Support/Code/User/globalStorage/vexrobotics.vexcode/sdk/cpp/V5/V5_20240802_15_00_00/vexv5/libv5rt.a(vex_brain.cpp.obj)
                0x000000000380a850                vex::brain::brain()
                0x000000000380a850                vex::brain::brain()
 .text._ZN3vex5brain3lcd11setPenColorERKNS_5colorE
                0x000000000380a88c       0x14 /Users/5327k/Library/Application Support/Code/User/globalStorage/vexrobotics.vexcode/sdk/cpp/V5/V5_20240802_15_00_00/vexv5/libv5rt.a(vex_brain.cpp.obj)
                0x000000000380a88c                vex::brain::lcd::setPenColor(vex::color const&)
 .text._ZN3vex5brain3lcd7printAtEllPKcz
                0x000000000380a8a0       0x54 /Users/5327k/Library/Application Support/Code/User/globalStorage/vexrobotics.vexcode/sdk/cpp/V5/V5_20240802_15_00_00/vexv5/libv5rt.a(vex_brain.cpp.obj)
                0x000000000380a8a0                vex::brain::lcd::printAt(long, long, char const*, ...)
 .text._ZN3vex5brain3lcd12_clearScreenEm
                0x000000000380a8f4       0x38 /Users/5327k/Library/Application Support/Code/User/globalStorage/vexrobotics.vexcode/sdk/cpp/V5/V5_20240802_15_00_00/vexv5/libv5rt.a(vex_brain.cpp.obj)
                0x000000000380a8f4                vex::brain::lcd::_clearScreen(unsigned long)
 .text._ZN3vex5brain3lcd11clearScreenERKNS_5colorE
                0x000000000380a92c       0x20 /Users/5327k/Library/Application Support/Code/User/globalStorage/vexrobotics.vexcode/sdk/cpp/V5/V5_20240802_15_00_00/vexv5/libv5rt.a(vex_brain.cpp.obj)
                0x000000000380a92c                vex::brain::lcd::clearScreen(vex::color const&)
 .text._ZN3vex5brain3lcd11clearScreenEv
                0x000000000380a94c       0x2c /Users/5327k/Library/Application Support/Code/User/globalStorage/vexrobotics.vexcode/sdk/cpp/V5/V5_20240802_15_00_00/vexv5/libv5rt.a(vex_brain.cpp.obj)
                0x000000000380a94c                vex::brain::lcd::clearScreen()
 .text._ZN3vex5brain3lcd9drawPixelEii
                0x000000000380a978       0x14 /Users/5327k/Library/Application Support/Code/User/globalStorage/vexrobotics.vexcode/sdk/cpp/V5/V5_20240802_15_00_00/vexv5/libv5rt.a(vex_brain.cpp.obj)
                0x000000000380a978                vex::brain::lcd::drawPixel(int, int)
 .text._ZN3vex5brain3lcd8drawLineEiiii
                0x000000000380a98c      0x2c4 /Users/5327k/Library/Application Support/Code/User/globalStorage/vexrobotics.vexcode/sdk/cpp/V5/V5_20240802_15_00_00/vexv5/libv5rt.a(vex_brain.cpp.obj)
                0x000000000380a98c                vex::brain::lcd::drawLine(int, int, int, int)
 .text._ZN3vex5brainD2Ev
                0x000000000380ac50       0x20 /Users/5327k/Library/Application Support/Code/User/globalStorage/vexrobotics.vexcode/sdk/cpp/V5/V5_20240802_15_00_00/vexv5/libv5rt.a(vex_brain.cpp.obj)
                0x000000000380ac50                vex::brain::~brain()
                0x000000000380ac50                vex::brain::~brain()
 .text._ZN3vex11competition8_disableEPv
                0x000000000380ac70       0xa4 /Users/5327k/Library/Application Support/Code/User/globalStorage/vexrobotics.vexcode/sdk/cpp/V5/V5_20240802_15_00_00/vexv5/libv5rt.a(vex_competition.cpp.obj)
                0x000000000380ac70                vex::competition::_disable(void*)
 .text._ZN3vex11competition11_autonomousEv
                0x000000000380ad14       0x80 /Users/5327k/Library/Application Support/Code/User/globalStorage/vexrobotics.vexcode/sdk/cpp/V5/V5_20240802_15_00_00/vexv5/libv5rt.a(vex_competition.cpp.obj)
                0x000000000380ad14                vex::competition::_autonomous()
 .text._ZN3vex11competition14_drivercontrolEv
                0x000000000380ad94       0x80 /Users/5327k/Library/Application Support/Code/User/globalStorage/vexrobotics.vexcode/sdk/cpp/V5/V5_20240802_15_00_00/vexv5/libv5rt.a(vex_competition.cpp.obj)
                0x000000000380ad94                vex::competition::_drivercontrol()
 .text._ZN3vex11competitionC2Ev
                0x000000000380ae14      0x13c /Users/5327k/Library/Application Support/Code/User/globalStorage/vexrobotics.vexcode/sdk/cpp/V5/V5_20240802_15_00_00/vexv5/libv5rt.a(vex_competition.cpp.obj)
                0x000000000380ae14                vex::competition::competition()
                0x000000000380ae14                vex::competition::competition()
 .text._ZN3vex11competitionD2Ev
                0x000000000380af50        0x4 /Users/5327k/Library/Application Support/Code/User/globalStorage/vexrobotics.vexcode/sdk/cpp/V5/V5_20240802_15_00_00/vexv5/libv5rt.a(vex_competition.cpp.obj)
                0x000000000380af50                vex::competition::~competition()
                0x000000000380af50                vex::competition::~competition()
 .text._ZN3vex11competition10autonomousEPFvvE
                0x000000000380af54       0x44 /Users/5327k/Library/Application Support/Code/User/globalStorage/vexrobotics.vexcode/sdk/cpp/V5/V5_20240802_15_00_00/vexv5/libv5rt.a(vex_competition.cpp.obj)
                0x000000000380af54                vex::competition::autonomous(void (*)())
 .text._ZN3vex11competition13drivercontrolEPFvvE
                0x000000000380af98       0x44 /Users/5327k/Library/Application Support/Code/User/globalStorage/vexrobotics.vexcode/sdk/cpp/V5/V5_20240802_15_00_00/vexv5/libv5rt.a(vex_competition.cpp.obj)
                0x000000000380af98                vex::competition::drivercontrol(void (*)())
 .text._ZN3vex7triportD2Ev
                0x000000000380afdc       0x38 /Users/5327k/Library/Application Support/Code/User/globalStorage/vexrobotics.vexcode/sdk/cpp/V5/V5_20240802_15_00_00/vexv5/libv5rt.a(vex_triport.cpp.obj)
                0x000000000380afdc                vex::triport::~triport()
                0x000000000380afdc                vex::triport::~triport()
 .text._ZN3vex7triportD0Ev
                0x000000000380b014       0x1c /Users/5327k/Library/Application Support/Code/User/globalStorage/vexrobotics.vexcode/sdk/cpp/V5/V5_20240802_15_00_00/vexv5/libv5rt.a(vex_triport.cpp.obj)
                0x000000000380b014                vex::triport::~triport()
 .text._ZN3vex7triport9installedEv
                0x000000000380b030       0x18 /Users/5327k/Library/Application Support/Code/User/globalStorage/vexrobotics.vexcode/sdk/cpp/V5/V5_20240802_15_00_00/vexv5/libv5rt.a(vex_triport.cpp.obj)
                0x000000000380b030                vex::triport::installed()
 .text._ZN3vex7triport4portC2ElPS0_
                0x000000000380b048       0x74 /Users/5327k/Library/Application Support/Code/User/globalStorage/vexrobotics.vexcode/sdk/cpp/V5/V5_20240802_15_00_00/vexv5/libv5rt.a(vex_triport.cpp.obj)
                0x000000000380b048                vex::triport::port::port(long, vex::triport*)
                0x000000000380b048                vex::triport::port::port(long, vex::triport*)
 .text._ZN3vex7triportC2El
                0x000000000380b0bc       0xf0 /Users/5327k/Library/Application Support/Code/User/globalStorage/vexrobotics.vexcode/sdk/cpp/V5/V5_20240802_15_00_00/vexv5/libv5rt.a(vex_triport.cpp.obj)
                0x000000000380b0bc                vex::triport::triport(long)
                0x000000000380b0bc                vex::triport::triport(long)
 .text._ZN3vex7triport4port4typeENS_11triportTypeE
                0x000000000380b1ac       0x30 /Users/5327k/Library/Application Support/Code/User/globalStorage/vexrobotics.vexcode/sdk/cpp/V5/V5_20240802_15_00_00/vexv5/libv5rt.a(vex_triport.cpp.obj)
                0x000000000380b1ac                vex::triport::port::type(vex::triportType)
 .text._ZN3vex7triport4port4typeEv
                0x000000000380b1dc       0x38 /Users/5327k/Library/Application Support/Code/User/globalStorage/vexrobotics.vexcode/sdk/cpp/V5/V5_20240802_15_00_00/vexv5/libv5rt.a(vex_triport.cpp.obj)
                0x000000000380b1dc                vex::triport::port::type()
 .text._ZN3vex7triport4port5valueEl
                0x000000000380b214       0x18 /Users/5327k/Library/Application Support/Code/User/globalStorage/vexrobotics.vexcode/sdk/cpp/V5/V5_20240802_15_00_00/vexv5/libv5rt.a(vex_triport.cpp.obj)
                0x000000000380b214                vex::triport::port::value(long)
 .text._ZN3vex11__trideviceC2ERNS_7triport4portENS_11triportTypeE
                0x000000000380b22c       0x5c /Users/5327k/Library/Application Support/Code/User/globalStorage/vexrobotics.vexcode/sdk/cpp/V5/V5_20240802_15_00_00/vexv5/libv5rt.a(vex_triport.cpp.obj)
                0x000000000380b22c                vex::__tridevice::__tridevice(vex::triport::port&, vex::triportType)
                0x000000000380b22c                vex::__tridevice::__tridevice(vex::triport::port&, vex::triportType)
 .text._ZN3vex11digital_outC2ERNS_7triport4portE
                0x000000000380b288       0x18 /Users/5327k/Library/Application Support/Code/User/globalStorage/vexrobotics.vexcode/sdk/cpp/V5/V5_20240802_15_00_00/vexv5/libv5rt.a(vex_triport.cpp.obj)
                0x000000000380b288                vex::digital_out::digital_out(vex::triport::port&)
                0x000000000380b288                vex::digital_out::digital_out(vex::triport::port&)
 .text._ZN3vex11digital_outD2Ev
                0x000000000380b2a0        0x4 /Users/5327k/Library/Application Support/Code/User/globalStorage/vexrobotics.vexcode/sdk/cpp/V5/V5_20240802_15_00_00/vexv5/libv5rt.a(vex_triport.cpp.obj)
                0x000000000380b2a0                vex::digital_out::~digital_out()
                0x000000000380b2a0                vex::digital_out::~digital_out()
 .text._ZN3vex11digital_out3setEb
                0x000000000380b2a4        0x8 /Users/5327k/Library/Application Support/Code/User/globalStorage/vexrobotics.vexcode/sdk/cpp/V5/V5_20240802_15_00_00/vexv5/libv5rt.a(vex_triport.cpp.obj)
                0x000000000380b2a4                vex::digital_out::set(bool)
 .text._ZN3vex5colorD2Ev
                0x000000000380b2ac        0x4 /Users/5327k/Library/Application Support/Code/User/globalStorage/vexrobotics.vexcode/sdk/cpp/V5/V5_20240802_15_00_00/vexv5/libv5rt.a(vex_color.cpp.obj)
                0x000000000380b2ac                vex::color::~color()
                0x000000000380b2ac                vex::color::~color()
 .text._ZNK3vex5colorcvmEv
                0x000000000380b2b0        0x8 /Users/5327k/Library/Application Support/Code/User/globalStorage/vexrobotics.vexcode/sdk/cpp/V5/V5_20240802_15_00_00/vexv5/libv5rt.a(vex_color.cpp.obj)
                0x000000000380b2b0                vex::color::operator unsigned long() const
 .text.startup._GLOBAL__sub_I__ZN3vex5color5blackE
                0x000000000380b2b8      0x164 /Users/5327k/Library/Application Support/Code/User/globalStorage/vexrobotics.vexcode/sdk/cpp/V5/V5_20240802_15_00_00/vexv5/libv5rt.a(vex_color.cpp.obj)
 .text._ZN3vex5timerD2Ev
                0x000000000380b41c        0x4 /Users/5327k/Library/Application Support/Code/User/globalStorage/vexrobotics.vexcode/sdk/cpp/V5/V5_20240802_15_00_00/vexv5/libv5rt.a(vex_timer.cpp.obj)
                0x000000000380b41c                vex::timer::~timer()
                0x000000000380b41c                vex::timer::~timer()
 .text._ZN3vex5timer5clearEv
                0x000000000380b420       0x1c /Users/5327k/Library/Application Support/Code/User/globalStorage/vexrobotics.vexcode/sdk/cpp/V5/V5_20240802_15_00_00/vexv5/libv5rt.a(vex_timer.cpp.obj)
                0x000000000380b420                vex::timer::clear()
 .text._ZN3vex5timerC2Ev
                0x000000000380b43c       0x14 /Users/5327k/Library/Application Support/Code/User/globalStorage/vexrobotics.vexcode/sdk/cpp/V5/V5_20240802_15_00_00/vexv5/libv5rt.a(vex_timer.cpp.obj)
                0x000000000380b43c                vex::timer::timer()
                0x000000000380b43c                vex::timer::timer()
 .text._ZNK3vex5timer4timeENS_9timeUnitsE
                0x000000000380b450       0x40 /Users/5327k/Library/Application Support/Code/User/globalStorage/vexrobotics.vexcode/sdk/cpp/V5/V5_20240802_15_00_00/vexv5/libv5rt.a(vex_timer.cpp.obj)
                0x000000000380b450                vex::timer::time(vex::timeUnits) const
 .text._ZN3vex11motor_group18motor_group_motorsC2Ev
                0x000000000380b490       0x28 /Users/5327k/Library/Application Support/Code/User/globalStorage/vexrobotics.vexcode/sdk/cpp/V5/V5_20240802_15_00_00/vexv5/libv5rt.a(vex_motorgroup.cpp.obj)
                0x000000000380b490                vex::motor_group::motor_group_motors::motor_group_motors()
                0x000000000380b490                vex::motor_group::motor_group_motors::motor_group_motors()
 .text._ZN3vex11motor_groupC2Ev
                0x000000000380b4b8       0x1c /Users/5327k/Library/Application Support/Code/User/globalStorage/vexrobotics.vexcode/sdk/cpp/V5/V5_20240802_15_00_00/vexv5/libv5rt.a(vex_motorgroup.cpp.obj)
                0x000000000380b4b8                vex::motor_group::motor_group()
                0x000000000380b4b8                vex::motor_group::motor_group()
 .text._ZN3vex11motor_groupD2Ev
                0x000000000380b4d4        0x4 /Users/5327k/Library/Application Support/Code/User/globalStorage/vexrobotics.vexcode/sdk/cpp/V5/V5_20240802_15_00_00/vexv5/libv5rt.a(vex_motorgroup.cpp.obj)
                0x000000000380b4d4                vex::motor_group::~motor_group()
                0x000000000380b4d4                vex::motor_group::~motor_group()
 .text._ZN3vex11motor_group9_addMotorERNS_5motorE
                0x000000000380b4d8       0x20 /Users/5327k/Library/Application Support/Code/User/globalStorage/vexrobotics.vexcode/sdk/cpp/V5/V5_20240802_15_00_00/vexv5/libv5rt.a(vex_motorgroup.cpp.obj)
                0x000000000380b4d8                vex::motor_group::_addMotor(vex::motor&)
 .text._ZN3vex11motor_group11setPositionEdNS_13rotationUnitsE
                0x000000000380b4f8       0x4c /Users/5327k/Library/Application Support/Code/User/globalStorage/vexrobotics.vexcode/sdk/cpp/V5/V5_20240802_15_00_00/vexv5/libv5rt.a(vex_motorgroup.cpp.obj)
                0x000000000380b4f8                vex::motor_group::setPosition(double, vex::rotationUnits)
 .text._ZN3vex11motor_group4spinENS_13directionTypeEdNS_12voltageUnitsE
                0x000000000380b544       0x54 /Users/5327k/Library/Application Support/Code/User/globalStorage/vexrobotics.vexcode/sdk/cpp/V5/V5_20240802_15_00_00/vexv5/libv5rt.a(vex_motorgroup.cpp.obj)
                0x000000000380b544                vex::motor_group::spin(vex::directionType, double, vex::voltageUnits)
 .text._ZN3vex11motor_group4stopENS_9brakeTypeE
                0x000000000380b598       0x38 /Users/5327k/Library/Application Support/Code/User/globalStorage/vexrobotics.vexcode/sdk/cpp/V5/V5_20240802_15_00_00/vexv5/libv5rt.a(vex_motorgroup.cpp.obj)
                0x000000000380b598                vex::motor_group::stop(vex::brakeType)
 .text._ZN3vex11motor_group8positionENS_13rotationUnitsE
                0x000000000380b5d0        0xc /Users/5327k/Library/Application Support/Code/User/globalStorage/vexrobotics.vexcode/sdk/cpp/V5/V5_20240802_15_00_00/vexv5/libv5rt.a(vex_motorgroup.cpp.obj)
                0x000000000380b5d0                vex::motor_group::position(vex::rotationUnits)
 .text.vexAdiPortConfigSet
                0x000000000380b5dc       0x28 /Users/5327k/Library/Application Support/Code/User/globalStorage/vexrobotics.vexcode/sdk/cpp/V5/V5_20240802_15_00_00/vexv5/libv5rt.a(v5_apiuser.c.obj)
                0x000000000380b5dc                vexAdiPortConfigSet
 .text.vexAdiPortConfigGet
                0x000000000380b604       0x28 /Users/5327k/Library/Application Support/Code/User/globalStorage/vexrobotics.vexcode/sdk/cpp/V5/V5_20240802_15_00_00/vexv5/libv5rt.a(v5_apiuser.c.obj)
                0x000000000380b604                vexAdiPortConfigGet
 .text.vexAdiValueSet
                0x000000000380b62c       0x28 /Users/5327k/Library/Application Support/Code/User/globalStorage/vexrobotics.vexcode/sdk/cpp/V5/V5_20240802_15_00_00/vexv5/libv5rt.a(v5_apiuser.c.obj)
                0x000000000380b62c                vexAdiValueSet
 .text.vexMotorVelocitySet
                0x000000000380b654       0x20 /Users/5327k/Library/Application Support/Code/User/globalStorage/vexrobotics.vexcode/sdk/cpp/V5/V5_20240802_15_00_00/vexv5/libv5rt.a(v5_apiuser.c.obj)
                0x000000000380b654                vexMotorVelocitySet
 .text.vexMotorVoltageSet
                0x000000000380b674       0x20 /Users/5327k/Library/Application Support/Code/User/globalStorage/vexrobotics.vexcode/sdk/cpp/V5/V5_20240802_15_00_00/vexv5/libv5rt.a(v5_apiuser.c.obj)
                0x000000000380b674                vexMotorVoltageSet
 .text.vexMotorActualVelocityGet
                0x000000000380b694       0x24 /Users/5327k/Library/Application Support/Code/User/globalStorage/vexrobotics.vexcode/sdk/cpp/V5/V5_20240802_15_00_00/vexv5/libv5rt.a(v5_apiuser.c.obj)
                0x000000000380b694                vexMotorActualVelocityGet
 .text.vexMotorTorqueGet
                0x000000000380b6b8       0x24 /Users/5327k/Library/Application Support/Code/User/globalStorage/vexrobotics.vexcode/sdk/cpp/V5/V5_20240802_15_00_00/vexv5/libv5rt.a(v5_apiuser.c.obj)
                0x000000000380b6b8                vexMotorTorqueGet
 .text.vexMotorReverseFlagSet
                0x000000000380b6dc       0x20 /Users/5327k/Library/Application Support/Code/User/globalStorage/vexrobotics.vexcode/sdk/cpp/V5/V5_20240802_15_00_00/vexv5/libv5rt.a(v5_apiuser.c.obj)
                0x000000000380b6dc                vexMotorReverseFlagSet
 .text.vexMotorEncoderUnitsSet
                0x000000000380b6fc       0x20 /Users/5327k/Library/Application Support/Code/User/globalStorage/vexrobotics.vexcode/sdk/cpp/V5/V5_20240802_15_00_00/vexv5/libv5rt.a(v5_apiuser.c.obj)
                0x000000000380b6fc                vexMotorEncoderUnitsSet
 .text.vexMotorBrakeModeSet
                0x000000000380b71c       0x20 /Users/5327k/Library/Application Support/Code/User/globalStorage/vexrobotics.vexcode/sdk/cpp/V5/V5_20240802_15_00_00/vexv5/libv5rt.a(v5_apiuser.c.obj)
                0x000000000380b71c                vexMotorBrakeModeSet
 .text.vexMotorPositionSet
                0x000000000380b73c       0x28 /Users/5327k/Library/Application Support/Code/User/globalStorage/vexrobotics.vexcode/sdk/cpp/V5/V5_20240802_15_00_00/vexv5/libv5rt.a(v5_apiuser.c.obj)
                0x000000000380b73c                vexMotorPositionSet
 .text.vexMotorPositionGet
                0x000000000380b764       0x24 /Users/5327k/Library/Application Support/Code/User/globalStorage/vexrobotics.vexcode/sdk/cpp/V5/V5_20240802_15_00_00/vexv5/libv5rt.a(v5_apiuser.c.obj)
                0x000000000380b764                vexMotorPositionGet
 .text.vexMotorGearingSet
                0x000000000380b788       0x20 /Users/5327k/Library/Application Support/Code/User/globalStorage/vexrobotics.vexcode/sdk/cpp/V5/V5_20240802_15_00_00/vexv5/libv5rt.a(v5_apiuser.c.obj)
                0x000000000380b788                vexMotorGearingSet
 .text.vexMotorGearingGet
                0x000000000380b7a8       0x18 /Users/5327k/Library/Application Support/Code/User/globalStorage/vexrobotics.vexcode/sdk/cpp/V5/V5_20240802_15_00_00/vexv5/libv5rt.a(v5_apiuser.c.obj)
                0x000000000380b7a8                vexMotorGearingGet
 .text.vexImuReset
                0x000000000380b7c0       0x10 /Users/5327k/Library/Application Support/Code/User/globalStorage/vexrobotics.vexcode/sdk/cpp/V5/V5_20240802_15_00_00/vexv5/libv5rt.a(v5_apiuser.c.obj)
                0x000000000380b7c0                vexImuReset
 .text.vexImuHeadingGet
                0x000000000380b7d0       0x10 /Users/5327k/Library/Application Support/Code/User/globalStorage/vexrobotics.vexcode/sdk/cpp/V5/V5_20240802_15_00_00/vexv5/libv5rt.a(v5_apiuser.c.obj)
                0x000000000380b7d0                vexImuHeadingGet
 .text.vexImuDegreesGet
                0x000000000380b7e0       0x10 /Users/5327k/Library/Application Support/Code/User/globalStorage/vexrobotics.vexcode/sdk/cpp/V5/V5_20240802_15_00_00/vexv5/libv5rt.a(v5_apiuser.c.obj)
                0x000000000380b7e0                vexImuDegreesGet
 .text.vexImuStatusGet
                0x000000000380b7f0       0x10 /Users/5327k/Library/Application Support/Code/User/globalStorage/vexrobotics.vexcode/sdk/cpp/V5/V5_20240802_15_00_00/vexv5/libv5rt.a(v5_apiuser.c.obj)
                0x000000000380b7f0                vexImuStatusGet
 .text.vexAbsEncPositionGet
                0x000000000380b800       0x10 /Users/5327k/Library/Application Support/Code/User/globalStorage/vexrobotics.vexcode/sdk/cpp/V5/V5_20240802_15_00_00/vexv5/libv5rt.a(v5_apiuser.c.obj)
                0x000000000380b800                vexAbsEncPositionGet
 .text.vexAbsEncAngleGet
                0x000000000380b810       0x10 /Users/5327k/Library/Application Support/Code/User/globalStorage/vexrobotics.vexcode/sdk/cpp/V5/V5_20240802_15_00_00/vexv5/libv5rt.a(v5_apiuser.c.obj)
                0x000000000380b810                vexAbsEncAngleGet
 .text.vexAbsEncReverseFlagSet
                0x000000000380b820       0x18 /Users/5327k/Library/Application Support/Code/User/globalStorage/vexrobotics.vexcode/sdk/cpp/V5/V5_20240802_15_00_00/vexv5/libv5rt.a(v5_apiuser.c.obj)
                0x000000000380b820                vexAbsEncReverseFlagSet
 .text.vexOpticalHueGet
                0x000000000380b838       0x10 /Users/5327k/Library/Application Support/Code/User/globalStorage/vexrobotics.vexcode/sdk/cpp/V5/V5_20240802_15_00_00/vexv5/libv5rt.a(v5_apiuser.c.obj)
                0x000000000380b838                vexOpticalHueGet
 .text.vexOpticalGestureEnable
                0x000000000380b848       0x10 /Users/5327k/Library/Application Support/Code/User/globalStorage/vexrobotics.vexcode/sdk/cpp/V5/V5_20240802_15_00_00/vexv5/libv5rt.a(v5_apiuser.c.obj)
                0x000000000380b848                vexOpticalGestureEnable
 .text.vexOpticalGestureDisable
                0x000000000380b858       0x10 /Users/5327k/Library/Application Support/Code/User/globalStorage/vexrobotics.vexcode/sdk/cpp/V5/V5_20240802_15_00_00/vexv5/libv5rt.a(v5_apiuser.c.obj)
                0x000000000380b858                vexOpticalGestureDisable
 .text.vexOpticalProximityThreshold
                0x000000000380b868       0x18 /Users/5327k/Library/Application Support/Code/User/globalStorage/vexrobotics.vexcode/sdk/cpp/V5/V5_20240802_15_00_00/vexv5/libv5rt.a(v5_apiuser.c.obj)
                0x000000000380b868                vexOpticalProximityThreshold
 .text.vexDistanceDistanceGet
                0x000000000380b880       0x10 /Users/5327k/Library/Application Support/Code/User/globalStorage/vexrobotics.vexcode/sdk/cpp/V5/V5_20240802_15_00_00/vexv5/libv5rt.a(v5_apiuser.c.obj)
                0x000000000380b880                vexDistanceDistanceGet
 .text.vexEventMaskSet
                0x000000000380b890       0x28 /Users/5327k/Library/Application Support/Code/User/globalStorage/vexrobotics.vexcode/sdk/cpp/V5/V5_20240802_15_00_00/vexv5/libv5rt.a(v5_apiuser.c.obj)
                0x000000000380b890                vexEventMaskSet
 .text.vexEventMaskGet